Archive member included because of file (symbol)

c:/winavr-20100110/bin/../lib/gcc/avr/4.3.3/avr5\libgcc.a(_mulsi3.o)
                              ./ATM_Terminal/HAL/LM35/LM_35_Program.o (__mulsi3)
c:/winavr-20100110/bin/../lib/gcc/avr/4.3.3/avr5\libgcc.a(_udivmodhi4.o)
                              ./ATM_Terminal/HAL/LCD/LCD16x2.o (__udivmodhi4)
c:/winavr-20100110/bin/../lib/gcc/avr/4.3.3/avr5\libgcc.a(_udivmodsi4.o)
                              ./ATM_Terminal/HAL/EEPROM/EEPROM_program.o (__udivmodsi4)
c:/winavr-20100110/bin/../lib/gcc/avr/4.3.3/avr5\libgcc.a(_exit.o)
                              c:/winavr-20100110/bin/../lib/gcc/avr/4.3.3/../../../../avr/lib/avr5/crtm32.o (exit)
c:/winavr-20100110/bin/../lib/gcc/avr/4.3.3/avr5\libgcc.a(_copy_data.o)
                              ./ATM_Terminal/MCAL/UART/UART.o (__do_copy_data)
c:/winavr-20100110/bin/../lib/gcc/avr/4.3.3/avr5\libgcc.a(_clear_bss.o)
                              ./ATM_Terminal/MCAL/UART/UART.o (__do_clear_bss)
c:/winavr-20100110/bin/../lib/gcc/avr/4.3.3/avr5\libgcc.a(_fixunssfsi.o)
                              ./ATM_Terminal/HAL/LM35/LM_35_Program.o (__fixunssfsi)
c:/winavr-20100110/bin/../lib/gcc/avr/4.3.3/avr5\libgcc.a(_addsub_sf.o)
                              c:/winavr-20100110/bin/../lib/gcc/avr/4.3.3/avr5\libgcc.a(_fixunssfsi.o) (__subsf3)
c:/winavr-20100110/bin/../lib/gcc/avr/4.3.3/avr5\libgcc.a(_mul_sf.o)
                              ./ATM_Terminal/HAL/LCD/LCD16x2.o (__mulsf3)
c:/winavr-20100110/bin/../lib/gcc/avr/4.3.3/avr5\libgcc.a(_div_sf.o)
                              ./ATM_Terminal/HAL/LM35/LM_35_Program.o (__divsf3)
c:/winavr-20100110/bin/../lib/gcc/avr/4.3.3/avr5\libgcc.a(_gt_sf.o)
                              ./ATM_Terminal/HAL/LCD/LCD16x2.o (__gtsf2)
c:/winavr-20100110/bin/../lib/gcc/avr/4.3.3/avr5\libgcc.a(_ge_sf.o)
                              c:/winavr-20100110/bin/../lib/gcc/avr/4.3.3/avr5\libgcc.a(_fixunssfsi.o) (__gesf2)
c:/winavr-20100110/bin/../lib/gcc/avr/4.3.3/avr5\libgcc.a(_lt_sf.o)
                              ./ATM_Terminal/HAL/LCD/LCD16x2.o (__ltsf2)
c:/winavr-20100110/bin/../lib/gcc/avr/4.3.3/avr5\libgcc.a(_sf_to_si.o)
                              c:/winavr-20100110/bin/../lib/gcc/avr/4.3.3/avr5\libgcc.a(_fixunssfsi.o) (__fixsfsi)
c:/winavr-20100110/bin/../lib/gcc/avr/4.3.3/avr5\libgcc.a(_thenan_sf.o)
                              c:/winavr-20100110/bin/../lib/gcc/avr/4.3.3/avr5\libgcc.a(_addsub_sf.o) (__thenan_sf)
c:/winavr-20100110/bin/../lib/gcc/avr/4.3.3/avr5\libgcc.a(_usi_to_sf.o)
                              ./ATM_Terminal/HAL/LM35/LM_35_Program.o (__floatunsisf)
c:/winavr-20100110/bin/../lib/gcc/avr/4.3.3/avr5\libgcc.a(_prologue.o)
                              c:/winavr-20100110/bin/../lib/gcc/avr/4.3.3/avr5\libgcc.a(_addsub_sf.o) (__prologue_saves__)
c:/winavr-20100110/bin/../lib/gcc/avr/4.3.3/avr5\libgcc.a(_epilogue.o)
                              c:/winavr-20100110/bin/../lib/gcc/avr/4.3.3/avr5\libgcc.a(_addsub_sf.o) (__epilogue_restores__)
c:/winavr-20100110/bin/../lib/gcc/avr/4.3.3/avr5\libgcc.a(_clzsi2.o)
                              c:/winavr-20100110/bin/../lib/gcc/avr/4.3.3/avr5\libgcc.a(_usi_to_sf.o) (__clzsi2)
c:/winavr-20100110/bin/../lib/gcc/avr/4.3.3/avr5\libgcc.a(_pack_sf.o)
                              c:/winavr-20100110/bin/../lib/gcc/avr/4.3.3/avr5\libgcc.a(_addsub_sf.o) (__pack_f)
c:/winavr-20100110/bin/../lib/gcc/avr/4.3.3/avr5\libgcc.a(_unpack_sf.o)
                              c:/winavr-20100110/bin/../lib/gcc/avr/4.3.3/avr5\libgcc.a(_addsub_sf.o) (__unpack_f)
c:/winavr-20100110/bin/../lib/gcc/avr/4.3.3/avr5\libgcc.a(_fpcmp_parts_sf.o)
                              c:/winavr-20100110/bin/../lib/gcc/avr/4.3.3/avr5\libgcc.a(_gt_sf.o) (__fpcmp_parts_f)
c:/winavr-20100110/bin/../lib/gcc/avr/4.3.3/avr5\libgcc.a(_clz.o)
                              c:/winavr-20100110/bin/../lib/gcc/avr/4.3.3/avr5\libgcc.a(_clzsi2.o) (__clz_tab)

Memory Configuration

Name             Origin             Length             Attributes
text             0x00000000         0x00020000         xr
data             0x00800060         0x0000ffa0         rw !x
eeprom           0x00810000         0x00010000         rw !x
fuse             0x00820000         0x00000400         rw !x
lock             0x00830000         0x00000400         rw !x
signature        0x00840000         0x00000400         rw !x
*default*        0x00000000         0xffffffff

Linker script and memory map

LOAD c:/winavr-20100110/bin/../lib/gcc/avr/4.3.3/../../../../avr/lib/avr5/crtm32.o
LOAD ./ATM_Terminal/SERVICE/SER_UART/SER_UART.o
LOAD ./ATM_Terminal/MCAL/UART/UART.o
LOAD ./ATM_Terminal/MCAL/SPI/SPI.o
LOAD ./ATM_Terminal/MCAL/I2C/I2C_Program.o
LOAD ./ATM_Terminal/MCAL/EXTI/EXTI.o
LOAD ./ATM_Terminal/MCAL/DIO/DIO.o
LOAD ./ATM_Terminal/MCAL/ADC/ADC_Program.o
LOAD ./ATM_Terminal/HAL/MOTOR/MOTOR_Program.o
LOAD ./ATM_Terminal/HAL/LM35/LM_35_Program.o
LOAD ./ATM_Terminal/HAL/LCD/LCD16x2.o
LOAD ./ATM_Terminal/HAL/KeyPad/Keypad.o
LOAD ./ATM_Terminal/HAL/EEPROM/EEPROM_program.o
LOAD ./ATM_Terminal/APP/APP.o
LOAD ./ATM_Terminal/APP/main.o
LOAD c:/winavr-20100110/bin/../lib/gcc/avr/4.3.3/avr5\libgcc.a
LOAD c:/winavr-20100110/bin/../lib/gcc/avr/4.3.3/../../../../avr/lib/avr5\libc.a
LOAD c:/winavr-20100110/bin/../lib/gcc/avr/4.3.3/avr5\libgcc.a

.hash
 *(.hash)

.dynsym
 *(.dynsym)

.dynstr
 *(.dynstr)

.gnu.version
 *(.gnu.version)

.gnu.version_d
 *(.gnu.version_d)

.gnu.version_r
 *(.gnu.version_r)

.rel.init
 *(.rel.init)

.rela.init
 *(.rela.init)

.rel.text
 *(.rel.text)
 *(.rel.text.*)
 *(.rel.gnu.linkonce.t*)

.rela.text
 *(.rela.text)
 *(.rela.text.*)
 *(.rela.gnu.linkonce.t*)

.rel.fini
 *(.rel.fini)

.rela.fini
 *(.rela.fini)

.rel.rodata
 *(.rel.rodata)
 *(.rel.rodata.*)
 *(.rel.gnu.linkonce.r*)

.rela.rodata
 *(.rela.rodata)
 *(.rela.rodata.*)
 *(.rela.gnu.linkonce.r*)

.rel.data
 *(.rel.data)
 *(.rel.data.*)
 *(.rel.gnu.linkonce.d*)

.rela.data
 *(.rela.data)
 *(.rela.data.*)
 *(.rela.gnu.linkonce.d*)

.rel.ctors
 *(.rel.ctors)

.rela.ctors
 *(.rela.ctors)

.rel.dtors
 *(.rel.dtors)

.rela.dtors
 *(.rela.dtors)

.rel.got
 *(.rel.got)

.rela.got
 *(.rela.got)

.rel.bss
 *(.rel.bss)

.rela.bss
 *(.rela.bss)

.rel.plt
 *(.rel.plt)

.rela.plt
 *(.rela.plt)

.text           0x00000000     0x53e2
 *(.vectors)
 .vectors       0x00000000       0x54 c:/winavr-20100110/bin/../lib/gcc/avr/4.3.3/../../../../avr/lib/avr5/crtm32.o
                0x00000000                __vectors
                0x00000000                __vector_default
 *(.vectors)
 *(.progmem.gcc*)
 *(.progmem*)
                0x00000054                . = ALIGN (0x2)
                0x00000054                __trampolines_start = .
 *(.trampolines)
 .trampolines   0x00000054        0x0 linker stubs
 *(.trampolines*)
                0x00000054                __trampolines_end = .
 *(.jumptables)
 *(.jumptables*)
 *(.lowtext)
 *(.lowtext*)
                0x00000054                __ctors_start = .
 *(.ctors)
                0x00000054                __ctors_end = .
                0x00000054                __dtors_start = .
 *(.dtors)
                0x00000054                __dtors_end = .
 SORT(*)(.ctors)
 SORT(*)(.dtors)
 *(.init0)
 .init0         0x00000054        0x0 c:/winavr-20100110/bin/../lib/gcc/avr/4.3.3/../../../../avr/lib/avr5/crtm32.o
                0x00000054                __init
 *(.init0)
 *(.init1)
 *(.init1)
 *(.init2)
 .init2         0x00000054        0xc c:/winavr-20100110/bin/../lib/gcc/avr/4.3.3/../../../../avr/lib/avr5/crtm32.o
 *(.init2)
 *(.init3)
 *(.init3)
 *(.init4)
 .init4         0x00000060       0x16 c:/winavr-20100110/bin/../lib/gcc/avr/4.3.3/avr5\libgcc.a(_copy_data.o)
                0x00000060                __do_copy_data
 .init4         0x00000076       0x10 c:/winavr-20100110/bin/../lib/gcc/avr/4.3.3/avr5\libgcc.a(_clear_bss.o)
                0x00000076                __do_clear_bss
 *(.init4)
 *(.init5)
 *(.init5)
 *(.init6)
 *(.init6)
 *(.init7)
 *(.init7)
 *(.init8)
 *(.init8)
 *(.init9)
 .init9         0x00000086        0x8 c:/winavr-20100110/bin/../lib/gcc/avr/4.3.3/../../../../avr/lib/avr5/crtm32.o
 *(.init9)
 *(.text)
 .text          0x0000008e        0x4 c:/winavr-20100110/bin/../lib/gcc/avr/4.3.3/../../../../avr/lib/avr5/crtm32.o
                0x0000008e                __vector_12
                0x0000008e                __bad_interrupt
                0x0000008e                __vector_6
                0x0000008e                __vector_11
                0x0000008e                __vector_17
                0x0000008e                __vector_19
                0x0000008e                __vector_7
                0x0000008e                __vector_5
                0x0000008e                __vector_4
                0x0000008e                __vector_9
                0x0000008e                __vector_8
                0x0000008e                __vector_14
                0x0000008e                __vector_10
                0x0000008e                __vector_16
                0x0000008e                __vector_18
                0x0000008e                __vector_20
 .text          0x00000092        0x0 ./ATM_Terminal/SERVICE/SER_UART/SER_UART.o
 .text          0x00000092        0x0 ./ATM_Terminal/MCAL/UART/UART.o
 .text          0x00000092        0x0 ./ATM_Terminal/MCAL/SPI/SPI.o
 .text          0x00000092        0x0 ./ATM_Terminal/MCAL/I2C/I2C_Program.o
 .text          0x00000092        0x0 ./ATM_Terminal/MCAL/EXTI/EXTI.o
 .text          0x00000092        0x0 ./ATM_Terminal/MCAL/DIO/DIO.o
 .text          0x00000092        0x0 ./ATM_Terminal/MCAL/ADC/ADC_Program.o
 .text          0x00000092        0x0 ./ATM_Terminal/HAL/MOTOR/MOTOR_Program.o
 .text          0x00000092        0x0 ./ATM_Terminal/HAL/LM35/LM_35_Program.o
 .text          0x00000092        0x0 ./ATM_Terminal/HAL/LCD/LCD16x2.o
 .text          0x00000092        0x0 ./ATM_Terminal/HAL/KeyPad/Keypad.o
 .text          0x00000092        0x0 ./ATM_Terminal/HAL/EEPROM/EEPROM_program.o
 .text          0x00000092        0x0 ./ATM_Terminal/APP/APP.o
 .text          0x00000092        0x0 ./ATM_Terminal/APP/main.o
 .text          0x00000092        0x0 c:/winavr-20100110/bin/../lib/gcc/avr/4.3.3/avr5\libgcc.a(_mulsi3.o)
 .text          0x00000092        0x0 c:/winavr-20100110/bin/../lib/gcc/avr/4.3.3/avr5\libgcc.a(_udivmodhi4.o)
 .text          0x00000092        0x0 c:/winavr-20100110/bin/../lib/gcc/avr/4.3.3/avr5\libgcc.a(_udivmodsi4.o)
 .text          0x00000092        0x0 c:/winavr-20100110/bin/../lib/gcc/avr/4.3.3/avr5\libgcc.a(_exit.o)
 .text          0x00000092        0x0 c:/winavr-20100110/bin/../lib/gcc/avr/4.3.3/avr5\libgcc.a(_copy_data.o)
 .text          0x00000092        0x0 c:/winavr-20100110/bin/../lib/gcc/avr/4.3.3/avr5\libgcc.a(_clear_bss.o)
 .text          0x00000092       0x58 c:/winavr-20100110/bin/../lib/gcc/avr/4.3.3/avr5\libgcc.a(_fixunssfsi.o)
                0x00000092                __fixunssfsi
 .text          0x000000ea      0x354 c:/winavr-20100110/bin/../lib/gcc/avr/4.3.3/avr5\libgcc.a(_addsub_sf.o)
                0x00000382                __subsf3
                0x000003e4                __addsf3
 .text          0x0000043e      0x1f4 c:/winavr-20100110/bin/../lib/gcc/avr/4.3.3/avr5\libgcc.a(_mul_sf.o)
                0x0000043e                __mulsf3
 .text          0x00000632      0x158 c:/winavr-20100110/bin/../lib/gcc/avr/4.3.3/avr5\libgcc.a(_div_sf.o)
                0x00000632                __divsf3
 .text          0x0000078a       0x60 c:/winavr-20100110/bin/../lib/gcc/avr/4.3.3/avr5\libgcc.a(_gt_sf.o)
                0x0000078a                __gtsf2
 .text          0x000007ea       0x60 c:/winavr-20100110/bin/../lib/gcc/avr/4.3.3/avr5\libgcc.a(_ge_sf.o)
                0x000007ea                __gesf2
 .text          0x0000084a       0x60 c:/winavr-20100110/bin/../lib/gcc/avr/4.3.3/avr5\libgcc.a(_lt_sf.o)
                0x0000084a                __ltsf2
 .text          0x000008aa       0xa8 c:/winavr-20100110/bin/../lib/gcc/avr/4.3.3/avr5\libgcc.a(_sf_to_si.o)
                0x000008aa                __fixsfsi
 .text          0x00000952        0x0 c:/winavr-20100110/bin/../lib/gcc/avr/4.3.3/avr5\libgcc.a(_thenan_sf.o)
 .text          0x00000952       0xf2 c:/winavr-20100110/bin/../lib/gcc/avr/4.3.3/avr5\libgcc.a(_usi_to_sf.o)
                0x00000952                __floatunsisf
 .text          0x00000a44        0x0 c:/winavr-20100110/bin/../lib/gcc/avr/4.3.3/avr5\libgcc.a(_prologue.o)
 .text          0x00000a44        0x0 c:/winavr-20100110/bin/../lib/gcc/avr/4.3.3/avr5\libgcc.a(_epilogue.o)
 .text          0x00000a44       0x9e c:/winavr-20100110/bin/../lib/gcc/avr/4.3.3/avr5\libgcc.a(_clzsi2.o)
                0x00000a44                __clzsi2
 .text          0x00000ae2      0x1aa c:/winavr-20100110/bin/../lib/gcc/avr/4.3.3/avr5\libgcc.a(_pack_sf.o)
                0x00000ae2                __pack_f
 .text          0x00000c8c       0xf0 c:/winavr-20100110/bin/../lib/gcc/avr/4.3.3/avr5\libgcc.a(_unpack_sf.o)
                0x00000c8c                __unpack_f
 .text          0x00000d7c       0xb2 c:/winavr-20100110/bin/../lib/gcc/avr/4.3.3/avr5\libgcc.a(_fpcmp_parts_sf.o)
                0x00000d7c                __fpcmp_parts_f
 .text          0x00000e2e        0x0 c:/winavr-20100110/bin/../lib/gcc/avr/4.3.3/avr5\libgcc.a(_clz.o)
                0x00000e2e                . = ALIGN (0x2)
 *(.text.*)
 .text.SER_UARTvoidSendString
                0x00000e2e       0x5a ./ATM_Terminal/SERVICE/SER_UART/SER_UART.o
                0x00000e2e                SER_UARTvoidSendString
 .text.SER_UARTvoidReceiveString
                0x00000e88       0x86 ./ATM_Terminal/SERVICE/SER_UART/SER_UART.o
                0x00000e88                SER_UARTvoidReceiveString
 .text.SER_UARTvoidSendLongNum
                0x00000f0e       0x62 ./ATM_Terminal/SERVICE/SER_UART/SER_UART.o
                0x00000f0e                SER_UARTvoidSendLongNum
 .text.SER_UARTu32ReceiveLongNum
                0x00000f70       0xa8 ./ATM_Terminal/SERVICE/SER_UART/SER_UART.o
                0x00000f70                SER_UARTu32ReceiveLongNum
 .text.UART_ENInit
                0x00001018       0xdc ./ATM_Terminal/MCAL/UART/UART.o
                0x00001018                UART_ENInit
 .text.UART_ENSendData
                0x000010f4       0x36 ./ATM_Terminal/MCAL/UART/UART.o
                0x000010f4                UART_ENSendData
 .text.UART_ENSendNoBlock
                0x0000112a       0x1e ./ATM_Terminal/MCAL/UART/UART.o
                0x0000112a                UART_ENSendNoBlock
 .text.UART_u8ReceiveData
                0x00001148       0x1e ./ATM_Terminal/MCAL/UART/UART.o
                0x00001148                UART_u8ReceiveData
 .text.UART_u8ReceiveNoBlock
                0x00001166       0x14 ./ATM_Terminal/MCAL/UART/UART.o
                0x00001166                UART_u8ReceiveNoBlock
 .text.UART_voidTXInterruptEnable
                0x0000117a       0x2a ./ATM_Terminal/MCAL/UART/UART.o
                0x0000117a                UART_voidTXInterruptEnable
 .text.UART_voidRXInterruptEnable
                0x000011a4       0x2a ./ATM_Terminal/MCAL/UART/UART.o
                0x000011a4                UART_voidRXInterruptEnable
 .text.UART_voidTXInterruptDisable
                0x000011ce       0x2a ./ATM_Terminal/MCAL/UART/UART.o
                0x000011ce                UART_voidTXInterruptDisable
 .text.UART_voidRXInterruptDisable
                0x000011f8       0x2a ./ATM_Terminal/MCAL/UART/UART.o
                0x000011f8                UART_voidRXInterruptDisable
 .text.UART_voidSendString_Ashync
                0x00001222       0x3e ./ATM_Terminal/MCAL/UART/UART.o
                0x00001222                UART_voidSendString_Ashync
 .text.UART_voidReceiveString_Ashync
                0x00001260       0x28 ./ATM_Terminal/MCAL/UART/UART.o
                0x00001260                UART_voidReceiveString_Ashync
 .text.__vector_15
                0x00001288       0xa0 ./ATM_Terminal/MCAL/UART/UART.o
                0x00001288                __vector_15
 .text.__vector_13
                0x00001328       0xc6 ./ATM_Terminal/MCAL/UART/UART.o
                0x00001328                __vector_13
 .text.SPI_VidInitMaster
                0x000013ee       0x4e ./ATM_Terminal/MCAL/SPI/SPI.o
                0x000013ee                SPI_VidInitMaster
 .text.SPI_VidInitSlave
                0x0000143c       0x4e ./ATM_Terminal/MCAL/SPI/SPI.o
                0x0000143c                SPI_VidInitSlave
 .text.SPI_VidSendByte
                0x0000148a       0x26 ./ATM_Terminal/MCAL/SPI/SPI.o
                0x0000148a                SPI_VidSendByte
 .text.SPI_U8RecieveByte
                0x000014b0       0x1e ./ATM_Terminal/MCAL/SPI/SPI.o
                0x000014b0                SPI_U8RecieveByte
 .text.SPI_VidSendString
                0x000014ce       0x52 ./ATM_Terminal/MCAL/SPI/SPI.o
                0x000014ce                SPI_VidSendString
 .text.SPI_VidRecieveString
                0x00001520       0x86 ./ATM_Terminal/MCAL/SPI/SPI.o
                0x00001520                SPI_VidRecieveString
 .text.I2C_MasterInit
                0x000015a6       0x48 ./ATM_Terminal/MCAL/I2C/I2C_Program.o
                0x000015a6                I2C_MasterInit
 .text.I2C_MasterStart
                0x000015ee       0x34 ./ATM_Terminal/MCAL/I2C/I2C_Program.o
                0x000015ee                I2C_MasterStart
 .text.I2C_SlaveInit
                0x00001622       0x3e ./ATM_Terminal/MCAL/I2C/I2C_Program.o
                0x00001622                I2C_SlaveInit
 .text.I2C_SendSlaveAddressWithWrite
                0x00001660       0x52 ./ATM_Terminal/MCAL/I2C/I2C_Program.o
                0x00001660                I2C_SendSlaveAddressWithWrite
 .text.I2C_SendSlaveAddressWithRead
                0x000016b2       0x52 ./ATM_Terminal/MCAL/I2C/I2C_Program.o
                0x000016b2                I2C_SendSlaveAddressWithRead
 .text.I2C_WriteDataByte
                0x00001704       0x34 ./ATM_Terminal/MCAL/I2C/I2C_Program.o
                0x00001704                I2C_WriteDataByte
 .text.I2C_ReadDataByte
                0x00001738       0x34 ./ATM_Terminal/MCAL/I2C/I2C_Program.o
                0x00001738                I2C_ReadDataByte
 .text.I2C_MasterStop
                0x0000176c       0x38 ./ATM_Terminal/MCAL/I2C/I2C_Program.o
                0x0000176c                I2C_MasterStop
 .text.EXTI_ENEnable
                0x000017a4       0xa4 ./ATM_Terminal/MCAL/EXTI/EXTI.o
                0x000017a4                EXTI_ENEnable
 .text.EXTI_ENisable
                0x00001848       0xa4 ./ATM_Terminal/MCAL/EXTI/EXTI.o
                0x00001848                EXTI_ENisable
 .text.EXTI_ENTriggerEdge
                0x000018ec      0x17e ./ATM_Terminal/MCAL/EXTI/EXTI.o
                0x000018ec                EXTI_ENTriggerEdge
 .text.EXTI_SetCallBack
                0x00001a6a       0x7e ./ATM_Terminal/MCAL/EXTI/EXTI.o
                0x00001a6a                EXTI_SetCallBack
 .text.__vector_1
                0x00001ae8       0x66 ./ATM_Terminal/MCAL/EXTI/EXTI.o
                0x00001ae8                __vector_1
 .text.__vector_2
                0x00001b4e       0x66 ./ATM_Terminal/MCAL/EXTI/EXTI.o
                0x00001b4e                __vector_2
 .text.__vector_3
                0x00001bb4       0x66 ./ATM_Terminal/MCAL/EXTI/EXTI.o
                0x00001bb4                __vector_3
 .text.DIO_voidSetPinValue
                0x00001c1a      0x20e ./ATM_Terminal/MCAL/DIO/DIO.o
                0x00001c1a                DIO_voidSetPinValue
 .text.DIO_voidSetPinDirection
                0x00001e28      0x20e ./ATM_Terminal/MCAL/DIO/DIO.o
                0x00001e28                DIO_voidSetPinDirection
 .text.DIO_u8GetPinValue
                0x00002036       0xf2 ./ATM_Terminal/MCAL/DIO/DIO.o
                0x00002036                DIO_u8GetPinValue
 .text.DIO_voidTogPin
                0x00002128      0x108 ./ATM_Terminal/MCAL/DIO/DIO.o
                0x00002128                DIO_voidTogPin
 .text.DIO_voidSetPortValue
                0x00002230       0x90 ./ATM_Terminal/MCAL/DIO/DIO.o
                0x00002230                DIO_voidSetPortValue
 .text.DIO_voidSetPortDirection
                0x000022c0       0x90 ./ATM_Terminal/MCAL/DIO/DIO.o
                0x000022c0                DIO_voidSetPortDirection
 .text.DIO_voidInpullUp
                0x00002350      0x1a6 ./ATM_Terminal/MCAL/DIO/DIO.o
                0x00002350                DIO_voidInpullUp
 .text.ADC_VoidInit
                0x000024f6       0x70 ./ATM_Terminal/MCAL/ADC/ADC_Program.o
                0x000024f6                ADC_VoidInit
 .text.ADC_U16GetChannelReading
                0x00002566       0x9a ./ATM_Terminal/MCAL/ADC/ADC_Program.o
                0x00002566                ADC_U16GetChannelReading
 .text.MOTOR_voidInit
                0x00002600       0x18 ./ATM_Terminal/HAL/MOTOR/MOTOR_Program.o
                0x00002600                MOTOR_voidInit
 .text.MOTOR_voidRotateClkWise
                0x00002618       0x84 ./ATM_Terminal/HAL/MOTOR/MOTOR_Program.o
                0x00002618                MOTOR_voidRotateClkWise
 .text.MOTOR_voidRotateAntiClkWise
                0x0000269c       0x98 ./ATM_Terminal/HAL/MOTOR/MOTOR_Program.o
                0x0000269c                MOTOR_voidRotateAntiClkWise
 .text.MOTOR_voidStop
                0x00002734       0x18 ./ATM_Terminal/HAL/MOTOR/MOTOR_Program.o
                0x00002734                MOTOR_voidStop
 .text.LM35_VoidInit
                0x0000274c       0x1c ./ATM_Terminal/HAL/LM35/LM_35_Program.o
                0x0000274c                LM35_VoidInit
 .text.LM35_U16Read
                0x00002768       0x8e ./ATM_Terminal/HAL/LM35/LM_35_Program.o
                0x00002768                LM35_U16Read
 .text.lcd_init
                0x000027f6      0x95e ./ATM_Terminal/HAL/LCD/LCD16x2.o
                0x000027f6                lcd_init
 .text.lcd_command
                0x00003154      0x554 ./ATM_Terminal/HAL/LCD/LCD16x2.o
                0x00003154                lcd_command
 .text.lcd_sendChar
                0x000036a8      0x436 ./ATM_Terminal/HAL/LCD/LCD16x2.o
                0x000036a8                lcd_sendChar
 .text.lcd_sendString
                0x00003ade       0x52 ./ATM_Terminal/HAL/LCD/LCD16x2.o
                0x00003ade                lcd_sendString
 .text.lcd_sendNum
                0x00003b30      0x18e ./ATM_Terminal/HAL/LCD/LCD16x2.o
                0x00003b30                lcd_sendNum
 .text.lcd_SetPosition
                0x00003cbe       0x34 ./ATM_Terminal/HAL/LCD/LCD16x2.o
                0x00003cbe                lcd_SetPosition
 .text.lcd_clear
                0x00003cf2      0x110 ./ATM_Terminal/HAL/LCD/LCD16x2.o
                0x00003cf2                lcd_clear
 .text.KEYPAD_voidInit
                0x00003e02       0x76 ./ATM_Terminal/HAL/KeyPad/Keypad.o
                0x00003e02                KEYPAD_voidInit
 .text.KEYPAD_u8Read
                0x00003e78       0xa8 ./ATM_Terminal/HAL/KeyPad/Keypad.o
                0x00003e78                KEYPAD_u8Read
 .text.eeprom_send_string
                0x00003f20       0x6e ./ATM_Terminal/HAL/EEPROM/EEPROM_program.o
                0x00003f20                eeprom_send_string
 .text.eeprom_recieve_string
                0x00003f8e       0x94 ./ATM_Terminal/HAL/EEPROM/EEPROM_program.o
                0x00003f8e                eeprom_recieve_string
 .text.change_stringToBin
                0x00004022      0x13e ./ATM_Terminal/HAL/EEPROM/EEPROM_program.o
                0x00004022                change_stringToBin
 .text.EX_Callback
                0x00004160       0x4e ./ATM_Terminal/APP/APP.o
                0x00004160                EX_Callback
 .text.APP_Init
                0x000041ae       0x5a ./ATM_Terminal/APP/APP.o
                0x000041ae                APP_Init
 .text.ADC_ATM  0x00004208       0x46 ./ATM_Terminal/APP/APP.o
                0x00004208                ADC_ATM
 .text.ADMIN_Mode
                0x0000424e       0xec ./ATM_Terminal/APP/APP.o
                0x0000424e                ADMIN_Mode
 .text.USER_Mode
                0x0000433a      0x60c ./ATM_Terminal/APP/APP.o
                0x0000433a                USER_Mode
 .text.Compare_Money
                0x00004946       0x5a ./ATM_Terminal/APP/APP.o
                0x00004946                Compare_Money
 .text.Pass_check
                0x000049a0      0x36c ./ATM_Terminal/APP/APP.o
                0x000049a0                Pass_check
 .text.TEMP     0x00004d0c      0x216 ./ATM_Terminal/APP/APP.o
                0x00004d0c                TEMP
 .text.String_u8Comp
                0x00004f22       0x90 ./ATM_Terminal/APP/APP.o
                0x00004f22                String_u8Comp
 .text.Get_Pass
                0x00004fb2       0xa2 ./ATM_Terminal/APP/APP.o
                0x00004fb2                Get_Pass
 .text.String_u8ToNumb
                0x00005054       0xaa ./ATM_Terminal/APP/APP.o
                0x00005054                String_u8ToNumb
 .text.main     0x000050fe      0x1c8 ./ATM_Terminal/APP/main.o
                0x000050fe                main
 .text.libgcc   0x000052c6       0x3e c:/winavr-20100110/bin/../lib/gcc/avr/4.3.3/avr5\libgcc.a(_mulsi3.o)
                0x000052c6                __mulsi3
 .text.libgcc   0x00005304       0x28 c:/winavr-20100110/bin/../lib/gcc/avr/4.3.3/avr5\libgcc.a(_udivmodhi4.o)
                0x00005304                __udivmodhi4
 .text.libgcc   0x0000532c       0x44 c:/winavr-20100110/bin/../lib/gcc/avr/4.3.3/avr5\libgcc.a(_udivmodsi4.o)
                0x0000532c                __udivmodsi4
 .text.libgcc   0x00005370        0x0 c:/winavr-20100110/bin/../lib/gcc/avr/4.3.3/avr5\libgcc.a(_exit.o)
 .text.libgcc   0x00005370        0x0 c:/winavr-20100110/bin/../lib/gcc/avr/4.3.3/avr5\libgcc.a(_copy_data.o)
 .text.libgcc   0x00005370        0x0 c:/winavr-20100110/bin/../lib/gcc/avr/4.3.3/avr5\libgcc.a(_clear_bss.o)
 .text.libgcc   0x00005370       0x38 c:/winavr-20100110/bin/../lib/gcc/avr/4.3.3/avr5\libgcc.a(_prologue.o)
                0x00005370                __prologue_saves__
 .text.libgcc   0x000053a8       0x36 c:/winavr-20100110/bin/../lib/gcc/avr/4.3.3/avr5\libgcc.a(_epilogue.o)
                0x000053a8                __epilogue_restores__
                0x000053de                . = ALIGN (0x2)
 *(.fini9)
 .fini9         0x000053de        0x0 c:/winavr-20100110/bin/../lib/gcc/avr/4.3.3/avr5\libgcc.a(_exit.o)
                0x000053de                exit
                0x000053de                _exit
 *(.fini9)
 *(.fini8)
 *(.fini8)
 *(.fini7)
 *(.fini7)
 *(.fini6)
 *(.fini6)
 *(.fini5)
 *(.fini5)
 *(.fini4)
 *(.fini4)
 *(.fini3)
 *(.fini3)
 *(.fini2)
 *(.fini2)
 *(.fini1)
 *(.fini1)
 *(.fini0)
 .fini0         0x000053de        0x4 c:/winavr-20100110/bin/../lib/gcc/avr/4.3.3/avr5\libgcc.a(_exit.o)
 *(.fini0)
                0x000053e2                _etext = .

.data           0x00800060      0x2ec load address 0x000053e2
                0x00800060                PROVIDE (__data_start, .)
 *(.data)
 .data          0x00800060        0x0 c:/winavr-20100110/bin/../lib/gcc/avr/4.3.3/../../../../avr/lib/avr5/crtm32.o
 .data          0x00800060        0x0 ./ATM_Terminal/SERVICE/SER_UART/SER_UART.o
 .data          0x00800060        0x0 ./ATM_Terminal/MCAL/UART/UART.o
 .data          0x00800060        0x0 ./ATM_Terminal/MCAL/SPI/SPI.o
 .data          0x00800060        0x0 ./ATM_Terminal/MCAL/I2C/I2C_Program.o
 .data          0x00800060        0x0 ./ATM_Terminal/MCAL/EXTI/EXTI.o
 .data          0x00800060        0x0 ./ATM_Terminal/MCAL/DIO/DIO.o
 .data          0x00800060        0x0 ./ATM_Terminal/MCAL/ADC/ADC_Program.o
 .data          0x00800060        0x0 ./ATM_Terminal/HAL/MOTOR/MOTOR_Program.o
 .data          0x00800060        0x0 ./ATM_Terminal/HAL/LM35/LM_35_Program.o
 .data          0x00800060        0x0 ./ATM_Terminal/HAL/LCD/LCD16x2.o
 .data          0x00800060        0x0 ./ATM_Terminal/HAL/KeyPad/Keypad.o
 .data          0x00800060        0x0 ./ATM_Terminal/HAL/EEPROM/EEPROM_program.o
 .data          0x00800060      0x145 ./ATM_Terminal/APP/APP.o
 .data          0x008001a5       0x59 ./ATM_Terminal/APP/main.o
 .data          0x008001fe        0x0 c:/winavr-20100110/bin/../lib/gcc/avr/4.3.3/avr5\libgcc.a(_mulsi3.o)
 .data          0x008001fe        0x0 c:/winavr-20100110/bin/../lib/gcc/avr/4.3.3/avr5\libgcc.a(_udivmodhi4.o)
 .data          0x008001fe        0x0 c:/winavr-20100110/bin/../lib/gcc/avr/4.3.3/avr5\libgcc.a(_udivmodsi4.o)
 .data          0x008001fe        0x0 c:/winavr-20100110/bin/../lib/gcc/avr/4.3.3/avr5\libgcc.a(_exit.o)
 .data          0x008001fe        0x0 c:/winavr-20100110/bin/../lib/gcc/avr/4.3.3/avr5\libgcc.a(_copy_data.o)
 .data          0x008001fe        0x0 c:/winavr-20100110/bin/../lib/gcc/avr/4.3.3/avr5\libgcc.a(_clear_bss.o)
 .data          0x008001fe        0x0 c:/winavr-20100110/bin/../lib/gcc/avr/4.3.3/avr5\libgcc.a(_fixunssfsi.o)
 .data          0x008001fe        0x0 c:/winavr-20100110/bin/../lib/gcc/avr/4.3.3/avr5\libgcc.a(_addsub_sf.o)
 .data          0x008001fe        0x0 c:/winavr-20100110/bin/../lib/gcc/avr/4.3.3/avr5\libgcc.a(_mul_sf.o)
 .data          0x008001fe        0x0 c:/winavr-20100110/bin/../lib/gcc/avr/4.3.3/avr5\libgcc.a(_div_sf.o)
 .data          0x008001fe        0x0 c:/winavr-20100110/bin/../lib/gcc/avr/4.3.3/avr5\libgcc.a(_gt_sf.o)
 .data          0x008001fe        0x0 c:/winavr-20100110/bin/../lib/gcc/avr/4.3.3/avr5\libgcc.a(_ge_sf.o)
 .data          0x008001fe        0x0 c:/winavr-20100110/bin/../lib/gcc/avr/4.3.3/avr5\libgcc.a(_lt_sf.o)
 .data          0x008001fe        0x0 c:/winavr-20100110/bin/../lib/gcc/avr/4.3.3/avr5\libgcc.a(_sf_to_si.o)
 .data          0x008001fe        0x8 c:/winavr-20100110/bin/../lib/gcc/avr/4.3.3/avr5\libgcc.a(_thenan_sf.o)
                0x008001fe                __thenan_sf
 .data          0x00800206        0x0 c:/winavr-20100110/bin/../lib/gcc/avr/4.3.3/avr5\libgcc.a(_usi_to_sf.o)
 .data          0x00800206        0x0 c:/winavr-20100110/bin/../lib/gcc/avr/4.3.3/avr5\libgcc.a(_prologue.o)
 .data          0x00800206        0x0 c:/winavr-20100110/bin/../lib/gcc/avr/4.3.3/avr5\libgcc.a(_epilogue.o)
 .data          0x00800206        0x0 c:/winavr-20100110/bin/../lib/gcc/avr/4.3.3/avr5\libgcc.a(_clzsi2.o)
 .data          0x00800206        0x0 c:/winavr-20100110/bin/../lib/gcc/avr/4.3.3/avr5\libgcc.a(_pack_sf.o)
 .data          0x00800206        0x0 c:/winavr-20100110/bin/../lib/gcc/avr/4.3.3/avr5\libgcc.a(_unpack_sf.o)
 .data          0x00800206        0x0 c:/winavr-20100110/bin/../lib/gcc/avr/4.3.3/avr5\libgcc.a(_fpcmp_parts_sf.o)
 .data          0x00800206      0x100 c:/winavr-20100110/bin/../lib/gcc/avr/4.3.3/avr5\libgcc.a(_clz.o)
                0x00800206                __clz_tab
 *(.data*)
 .data.gFlag    0x00800306        0x1 ./ATM_Terminal/MCAL/UART/UART.o
 .data.i.1447   0x00800307        0x1 ./ATM_Terminal/MCAL/UART/UART.o
 .data.gKEYPADArr
                0x00800308        0xc ./ATM_Terminal/HAL/KeyPad/Keypad.o
 .data.Max_Amount
                0x00800314       0x32 ./ATM_Terminal/APP/APP.o
                0x00800314                Max_Amount
 .data.Card_Pass.1529
                0x00800346        0x5 ./ATM_Terminal/APP/APP.o
 .data.FlFag.1496
                0x0080034b        0x1 ./ATM_Terminal/APP/main.o
 *(.rodata)
 *(.rodata*)
 *(.gnu.linkonce.d*)
                0x0080034c                . = ALIGN (0x2)
                0x0080034c                _edata = .
                0x0080034c                PROVIDE (__data_end, .)

.bss            0x0080034c        0xf
                0x0080034c                PROVIDE (__bss_start, .)
 *(.bss)
 .bss           0x0080034c        0x0 c:/winavr-20100110/bin/../lib/gcc/avr/4.3.3/../../../../avr/lib/avr5/crtm32.o
 .bss           0x0080034c        0x0 ./ATM_Terminal/SERVICE/SER_UART/SER_UART.o
 .bss           0x0080034c        0x0 ./ATM_Terminal/MCAL/UART/UART.o
 .bss           0x0080034c        0x0 ./ATM_Terminal/MCAL/SPI/SPI.o
 .bss           0x0080034c        0x0 ./ATM_Terminal/MCAL/I2C/I2C_Program.o
 .bss           0x0080034c        0x0 ./ATM_Terminal/MCAL/EXTI/EXTI.o
 .bss           0x0080034c        0x0 ./ATM_Terminal/MCAL/DIO/DIO.o
 .bss           0x0080034c        0x0 ./ATM_Terminal/MCAL/ADC/ADC_Program.o
 .bss           0x0080034c        0x0 ./ATM_Terminal/HAL/MOTOR/MOTOR_Program.o
 .bss           0x0080034c        0x0 ./ATM_Terminal/HAL/LM35/LM_35_Program.o
 .bss           0x0080034c        0x0 ./ATM_Terminal/HAL/LCD/LCD16x2.o
 .bss           0x0080034c        0x0 ./ATM_Terminal/HAL/KeyPad/Keypad.o
 .bss           0x0080034c        0x0 ./ATM_Terminal/HAL/EEPROM/EEPROM_program.o
 .bss           0x0080034c        0x0 ./ATM_Terminal/APP/APP.o
 .bss           0x0080034c        0x0 ./ATM_Terminal/APP/main.o
 .bss           0x0080034c        0x0 c:/winavr-20100110/bin/../lib/gcc/avr/4.3.3/avr5\libgcc.a(_mulsi3.o)
 .bss           0x0080034c        0x0 c:/winavr-20100110/bin/../lib/gcc/avr/4.3.3/avr5\libgcc.a(_udivmodhi4.o)
 .bss           0x0080034c        0x0 c:/winavr-20100110/bin/../lib/gcc/avr/4.3.3/avr5\libgcc.a(_udivmodsi4.o)
 .bss           0x0080034c        0x0 c:/winavr-20100110/bin/../lib/gcc/avr/4.3.3/avr5\libgcc.a(_exit.o)
 .bss           0x0080034c        0x0 c:/winavr-20100110/bin/../lib/gcc/avr/4.3.3/avr5\libgcc.a(_copy_data.o)
 .bss           0x0080034c        0x0 c:/winavr-20100110/bin/../lib/gcc/avr/4.3.3/avr5\libgcc.a(_clear_bss.o)
 .bss           0x0080034c        0x0 c:/winavr-20100110/bin/../lib/gcc/avr/4.3.3/avr5\libgcc.a(_fixunssfsi.o)
 .bss           0x0080034c        0x0 c:/winavr-20100110/bin/../lib/gcc/avr/4.3.3/avr5\libgcc.a(_addsub_sf.o)
 .bss           0x0080034c        0x0 c:/winavr-20100110/bin/../lib/gcc/avr/4.3.3/avr5\libgcc.a(_mul_sf.o)
 .bss           0x0080034c        0x0 c:/winavr-20100110/bin/../lib/gcc/avr/4.3.3/avr5\libgcc.a(_div_sf.o)
 .bss           0x0080034c        0x0 c:/winavr-20100110/bin/../lib/gcc/avr/4.3.3/avr5\libgcc.a(_gt_sf.o)
 .bss           0x0080034c        0x0 c:/winavr-20100110/bin/../lib/gcc/avr/4.3.3/avr5\libgcc.a(_ge_sf.o)
 .bss           0x0080034c        0x0 c:/winavr-20100110/bin/../lib/gcc/avr/4.3.3/avr5\libgcc.a(_lt_sf.o)
 .bss           0x0080034c        0x0 c:/winavr-20100110/bin/../lib/gcc/avr/4.3.3/avr5\libgcc.a(_sf_to_si.o)
 .bss           0x0080034c        0x0 c:/winavr-20100110/bin/../lib/gcc/avr/4.3.3/avr5\libgcc.a(_thenan_sf.o)
 .bss           0x0080034c        0x0 c:/winavr-20100110/bin/../lib/gcc/avr/4.3.3/avr5\libgcc.a(_usi_to_sf.o)
 .bss           0x0080034c        0x0 c:/winavr-20100110/bin/../lib/gcc/avr/4.3.3/avr5\libgcc.a(_prologue.o)
 .bss           0x0080034c        0x0 c:/winavr-20100110/bin/../lib/gcc/avr/4.3.3/avr5\libgcc.a(_epilogue.o)
 .bss           0x0080034c        0x0 c:/winavr-20100110/bin/../lib/gcc/avr/4.3.3/avr5\libgcc.a(_clzsi2.o)
 .bss           0x0080034c        0x0 c:/winavr-20100110/bin/../lib/gcc/avr/4.3.3/avr5\libgcc.a(_pack_sf.o)
 .bss           0x0080034c        0x0 c:/winavr-20100110/bin/../lib/gcc/avr/4.3.3/avr5\libgcc.a(_unpack_sf.o)
 .bss           0x0080034c        0x0 c:/winavr-20100110/bin/../lib/gcc/avr/4.3.3/avr5\libgcc.a(_fpcmp_parts_sf.o)
 .bss           0x0080034c        0x0 c:/winavr-20100110/bin/../lib/gcc/avr/4.3.3/avr5\libgcc.a(_clz.o)
 *(.bss*)
 .bss.gPsend_str
                0x0080034c        0x2 ./ATM_Terminal/MCAL/UART/UART.o
 .bss.gPrece_str
                0x0080034e        0x2 ./ATM_Terminal/MCAL/UART/UART.o
 .bss.i.1466    0x00800350        0x1 ./ATM_Terminal/MCAL/UART/UART.o
 .bss.EXTI_INT0_FPtr
                0x00800351        0x2 ./ATM_Terminal/MCAL/EXTI/EXTI.o
 .bss.EXTI_INT1_FPtr
                0x00800353        0x2 ./ATM_Terminal/MCAL/EXTI/EXTI.o
 .bss.EXTI_INT2_FPtr
                0x00800355        0x2 ./ATM_Terminal/MCAL/EXTI/EXTI.o
 .bss.CallBackFLag
                0x00800357        0x1 ./ATM_Terminal/APP/APP.o
                0x00800357                CallBackFLag
 .bss.BUTTONFLag
                0x00800358        0x1 ./ATM_Terminal/APP/APP.o
                0x00800358                BUTTONFLag
 .bss.card_gflag
                0x00800359        0x1 ./ATM_Terminal/APP/main.o
                0x00800359                card_gflag
 .bss.gflag     0x0080035a        0x1 ./ATM_Terminal/APP/main.o
                0x0080035a                gflag
 *(COMMON)
                0x0080035b                PROVIDE (__bss_end, .)
                0x000053e2                __data_load_start = LOADADDR (.data)
                0x000056ce                __data_load_end = (__data_load_start + SIZEOF (.data))

.noinit         0x0080035b        0x0
                0x0080035b                PROVIDE (__noinit_start, .)
 *(.noinit*)
                0x0080035b                PROVIDE (__noinit_end, .)
                0x0080035b                _end = .
                0x0080035b                PROVIDE (__heap_start, .)

.eeprom         0x00810000        0x0
 *(.eeprom*)
                0x00810000                __eeprom_end = .

.fuse
 *(.fuse)
 *(.lfuse)
 *(.hfuse)
 *(.efuse)

.lock
 *(.lock*)

.signature
 *(.signature*)

.stab           0x00000000     0x5940
 *(.stab)
 .stab          0x00000000      0x3d8 ./ATM_Terminal/SERVICE/SER_UART/SER_UART.o
 .stab          0x000003d8      0x840 ./ATM_Terminal/MCAL/UART/UART.o
                                0x84c (size before relaxing)
 .stab          0x00000c18      0x3cc ./ATM_Terminal/MCAL/SPI/SPI.o
                                0x3d8 (size before relaxing)
 .stab          0x00000fe4      0x450 ./ATM_Terminal/MCAL/I2C/I2C_Program.o
                                0x4e0 (size before relaxing)
 .stab          0x00001434      0x5b8 ./ATM_Terminal/MCAL/EXTI/EXTI.o
                                0x648 (size before relaxing)
 .stab          0x000019ec      0x78c ./ATM_Terminal/MCAL/DIO/DIO.o
                                0x81c (size before relaxing)
 .stab          0x00002178      0x210 ./ATM_Terminal/MCAL/ADC/ADC_Program.o
                                0x2a0 (size before relaxing)
 .stab          0x00002388      0x300 ./ATM_Terminal/HAL/MOTOR/MOTOR_Program.o
                                0x3fc (size before relaxing)
 .stab          0x00002688      0x1b0 ./ATM_Terminal/HAL/LM35/LM_35_Program.o
                                0x2ac (size before relaxing)
 .stab          0x00002838     0x13c8 ./ATM_Terminal/HAL/LCD/LCD16x2.o
                               0x1464 (size before relaxing)
 .stab          0x00003c00      0x2d0 ./ATM_Terminal/HAL/KeyPad/Keypad.o
                                0x540 (size before relaxing)
 .stab          0x00003ed0      0x408 ./ATM_Terminal/HAL/EEPROM/EEPROM_program.o
                                0x498 (size before relaxing)
 .stab          0x000042d8     0x1260 ./ATM_Terminal/APP/APP.o
                               0x14c4 (size before relaxing)
 .stab          0x00005538      0x408 ./ATM_Terminal/APP/main.o
                                0x6f0 (size before relaxing)

.stabstr        0x00000000     0x2322
 *(.stabstr)
 .stabstr       0x00000000     0x2322 ./ATM_Terminal/SERVICE/SER_UART/SER_UART.o

.stab.excl
 *(.stab.excl)

.stab.exclstr
 *(.stab.exclstr)

.stab.index
 *(.stab.index)

.stab.indexstr
 *(.stab.indexstr)

.comment
 *(.comment)

.debug
 *(.debug)

.line
 *(.line)

.debug_srcinfo
 *(.debug_srcinfo)

.debug_sfnames
 *(.debug_sfnames)

.debug_aranges  0x00000000      0x1a0
 *(.debug_aranges)
 .debug_aranges
                0x00000000       0x20 c:/winavr-20100110/bin/../lib/gcc/avr/4.3.3/avr5\libgcc.a(_fixunssfsi.o)
 .debug_aranges
                0x00000020       0x20 c:/winavr-20100110/bin/../lib/gcc/avr/4.3.3/avr5\libgcc.a(_addsub_sf.o)
 .debug_aranges
                0x00000040       0x20 c:/winavr-20100110/bin/../lib/gcc/avr/4.3.3/avr5\libgcc.a(_mul_sf.o)
 .debug_aranges
                0x00000060       0x20 c:/winavr-20100110/bin/../lib/gcc/avr/4.3.3/avr5\libgcc.a(_div_sf.o)
 .debug_aranges
                0x00000080       0x20 c:/winavr-20100110/bin/../lib/gcc/avr/4.3.3/avr5\libgcc.a(_gt_sf.o)
 .debug_aranges
                0x000000a0       0x20 c:/winavr-20100110/bin/../lib/gcc/avr/4.3.3/avr5\libgcc.a(_ge_sf.o)
 .debug_aranges
                0x000000c0       0x20 c:/winavr-20100110/bin/../lib/gcc/avr/4.3.3/avr5\libgcc.a(_lt_sf.o)
 .debug_aranges
                0x000000e0       0x20 c:/winavr-20100110/bin/../lib/gcc/avr/4.3.3/avr5\libgcc.a(_sf_to_si.o)
 .debug_aranges
                0x00000100       0x20 c:/winavr-20100110/bin/../lib/gcc/avr/4.3.3/avr5\libgcc.a(_usi_to_sf.o)
 .debug_aranges
                0x00000120       0x20 c:/winavr-20100110/bin/../lib/gcc/avr/4.3.3/avr5\libgcc.a(_clzsi2.o)
 .debug_aranges
                0x00000140       0x20 c:/winavr-20100110/bin/../lib/gcc/avr/4.3.3/avr5\libgcc.a(_pack_sf.o)
 .debug_aranges
                0x00000160       0x20 c:/winavr-20100110/bin/../lib/gcc/avr/4.3.3/avr5\libgcc.a(_unpack_sf.o)
 .debug_aranges
                0x00000180       0x20 c:/winavr-20100110/bin/../lib/gcc/avr/4.3.3/avr5\libgcc.a(_fpcmp_parts_sf.o)

.debug_pubnames
                0x00000000      0x1f2
 *(.debug_pubnames)
 .debug_pubnames
                0x00000000       0x23 c:/winavr-20100110/bin/../lib/gcc/avr/4.3.3/avr5\libgcc.a(_fixunssfsi.o)
 .debug_pubnames
                0x00000023       0x2c c:/winavr-20100110/bin/../lib/gcc/avr/4.3.3/avr5\libgcc.a(_addsub_sf.o)
 .debug_pubnames
                0x0000004f       0x1f c:/winavr-20100110/bin/../lib/gcc/avr/4.3.3/avr5\libgcc.a(_mul_sf.o)
 .debug_pubnames
                0x0000006e       0x1f c:/winavr-20100110/bin/../lib/gcc/avr/4.3.3/avr5\libgcc.a(_div_sf.o)
 .debug_pubnames
                0x0000008d       0x1e c:/winavr-20100110/bin/../lib/gcc/avr/4.3.3/avr5\libgcc.a(_gt_sf.o)
 .debug_pubnames
                0x000000ab       0x1e c:/winavr-20100110/bin/../lib/gcc/avr/4.3.3/avr5\libgcc.a(_ge_sf.o)
 .debug_pubnames
                0x000000c9       0x1e c:/winavr-20100110/bin/../lib/gcc/avr/4.3.3/avr5\libgcc.a(_lt_sf.o)
 .debug_pubnames
                0x000000e7       0x20 c:/winavr-20100110/bin/../lib/gcc/avr/4.3.3/avr5\libgcc.a(_sf_to_si.o)
 .debug_pubnames
                0x00000107       0x22 c:/winavr-20100110/bin/../lib/gcc/avr/4.3.3/avr5\libgcc.a(_thenan_sf.o)
 .debug_pubnames
                0x00000129       0x24 c:/winavr-20100110/bin/../lib/gcc/avr/4.3.3/avr5\libgcc.a(_usi_to_sf.o)
 .debug_pubnames
                0x0000014d       0x1f c:/winavr-20100110/bin/../lib/gcc/avr/4.3.3/avr5\libgcc.a(_clzsi2.o)
 .debug_pubnames
                0x0000016c       0x1f c:/winavr-20100110/bin/../lib/gcc/avr/4.3.3/avr5\libgcc.a(_pack_sf.o)
 .debug_pubnames
                0x0000018b       0x21 c:/winavr-20100110/bin/../lib/gcc/avr/4.3.3/avr5\libgcc.a(_unpack_sf.o)
 .debug_pubnames
                0x000001ac       0x26 c:/winavr-20100110/bin/../lib/gcc/avr/4.3.3/avr5\libgcc.a(_fpcmp_parts_sf.o)
 .debug_pubnames
                0x000001d2       0x20 c:/winavr-20100110/bin/../lib/gcc/avr/4.3.3/avr5\libgcc.a(_clz.o)

.debug_info     0x00000000     0x240b
 *(.debug_info)
 .debug_info    0x00000000       0xb1 c:/winavr-20100110/bin/../lib/gcc/avr/4.3.3/avr5\libgcc.a(_fixunssfsi.o)
 .debug_info    0x000000b1      0x47a c:/winavr-20100110/bin/../lib/gcc/avr/4.3.3/avr5\libgcc.a(_addsub_sf.o)
 .debug_info    0x0000052b      0x485 c:/winavr-20100110/bin/../lib/gcc/avr/4.3.3/avr5\libgcc.a(_mul_sf.o)
 .debug_info    0x000009b0      0x3fc c:/winavr-20100110/bin/../lib/gcc/avr/4.3.3/avr5\libgcc.a(_div_sf.o)
 .debug_info    0x00000dac      0x27f c:/winavr-20100110/bin/../lib/gcc/avr/4.3.3/avr5\libgcc.a(_gt_sf.o)
 .debug_info    0x0000102b      0x27f c:/winavr-20100110/bin/../lib/gcc/avr/4.3.3/avr5\libgcc.a(_ge_sf.o)
 .debug_info    0x000012aa      0x27f c:/winavr-20100110/bin/../lib/gcc/avr/4.3.3/avr5\libgcc.a(_lt_sf.o)
 .debug_info    0x00001529      0x2b0 c:/winavr-20100110/bin/../lib/gcc/avr/4.3.3/avr5\libgcc.a(_sf_to_si.o)
 .debug_info    0x000017d9      0x12c c:/winavr-20100110/bin/../lib/gcc/avr/4.3.3/avr5\libgcc.a(_thenan_sf.o)
 .debug_info    0x00001905      0x206 c:/winavr-20100110/bin/../lib/gcc/avr/4.3.3/avr5\libgcc.a(_usi_to_sf.o)
 .debug_info    0x00001b0b      0x117 c:/winavr-20100110/bin/../lib/gcc/avr/4.3.3/avr5\libgcc.a(_clzsi2.o)
 .debug_info    0x00001c22      0x2df c:/winavr-20100110/bin/../lib/gcc/avr/4.3.3/avr5\libgcc.a(_pack_sf.o)
 .debug_info    0x00001f01      0x251 c:/winavr-20100110/bin/../lib/gcc/avr/4.3.3/avr5\libgcc.a(_unpack_sf.o)
 .debug_info    0x00002152      0x210 c:/winavr-20100110/bin/../lib/gcc/avr/4.3.3/avr5\libgcc.a(_fpcmp_parts_sf.o)
 .debug_info    0x00002362       0xa9 c:/winavr-20100110/bin/../lib/gcc/avr/4.3.3/avr5\libgcc.a(_clz.o)
 *(.gnu.linkonce.wi.*)

.debug_abbrev   0x00000000     0x1386
 *(.debug_abbrev)
 .debug_abbrev  0x00000000       0x5d c:/winavr-20100110/bin/../lib/gcc/avr/4.3.3/avr5\libgcc.a(_fixunssfsi.o)
 .debug_abbrev  0x0000005d      0x1ea c:/winavr-20100110/bin/../lib/gcc/avr/4.3.3/avr5\libgcc.a(_addsub_sf.o)
 .debug_abbrev  0x00000247      0x21b c:/winavr-20100110/bin/../lib/gcc/avr/4.3.3/avr5\libgcc.a(_mul_sf.o)
 .debug_abbrev  0x00000462      0x216 c:/winavr-20100110/bin/../lib/gcc/avr/4.3.3/avr5\libgcc.a(_div_sf.o)
 .debug_abbrev  0x00000678      0x15a c:/winavr-20100110/bin/../lib/gcc/avr/4.3.3/avr5\libgcc.a(_gt_sf.o)
 .debug_abbrev  0x000007d2      0x15a c:/winavr-20100110/bin/../lib/gcc/avr/4.3.3/avr5\libgcc.a(_ge_sf.o)
 .debug_abbrev  0x0000092c      0x15a c:/winavr-20100110/bin/../lib/gcc/avr/4.3.3/avr5\libgcc.a(_lt_sf.o)
 .debug_abbrev  0x00000a86      0x17f c:/winavr-20100110/bin/../lib/gcc/avr/4.3.3/avr5\libgcc.a(_sf_to_si.o)
 .debug_abbrev  0x00000c05       0xad c:/winavr-20100110/bin/../lib/gcc/avr/4.3.3/avr5\libgcc.a(_thenan_sf.o)
 .debug_abbrev  0x00000cb2      0x157 c:/winavr-20100110/bin/../lib/gcc/avr/4.3.3/avr5\libgcc.a(_usi_to_sf.o)
 .debug_abbrev  0x00000e09       0xc4 c:/winavr-20100110/bin/../lib/gcc/avr/4.3.3/avr5\libgcc.a(_clzsi2.o)
 .debug_abbrev  0x00000ecd      0x1c0 c:/winavr-20100110/bin/../lib/gcc/avr/4.3.3/avr5\libgcc.a(_pack_sf.o)
 .debug_abbrev  0x0000108d      0x154 c:/winavr-20100110/bin/../lib/gcc/avr/4.3.3/avr5\libgcc.a(_unpack_sf.o)
 .debug_abbrev  0x000011e1      0x13b c:/winavr-20100110/bin/../lib/gcc/avr/4.3.3/avr5\libgcc.a(_fpcmp_parts_sf.o)
 .debug_abbrev  0x0000131c       0x6a c:/winavr-20100110/bin/../lib/gcc/avr/4.3.3/avr5\libgcc.a(_clz.o)

.debug_line     0x00000000     0x11d6
 *(.debug_line)
 .debug_line    0x00000000       0xa7 c:/winavr-20100110/bin/../lib/gcc/avr/4.3.3/avr5\libgcc.a(_fixunssfsi.o)
 .debug_line    0x000000a7      0x2af c:/winavr-20100110/bin/../lib/gcc/avr/4.3.3/avr5\libgcc.a(_addsub_sf.o)
 .debug_line    0x00000356      0x239 c:/winavr-20100110/bin/../lib/gcc/avr/4.3.3/avr5\libgcc.a(_mul_sf.o)
 .debug_line    0x0000058f      0x1d5 c:/winavr-20100110/bin/../lib/gcc/avr/4.3.3/avr5\libgcc.a(_div_sf.o)
 .debug_line    0x00000764       0xd3 c:/winavr-20100110/bin/../lib/gcc/avr/4.3.3/avr5\libgcc.a(_gt_sf.o)
 .debug_line    0x00000837       0xd3 c:/winavr-20100110/bin/../lib/gcc/avr/4.3.3/avr5\libgcc.a(_ge_sf.o)
 .debug_line    0x0000090a       0xd3 c:/winavr-20100110/bin/../lib/gcc/avr/4.3.3/avr5\libgcc.a(_lt_sf.o)
 .debug_line    0x000009dd      0x109 c:/winavr-20100110/bin/../lib/gcc/avr/4.3.3/avr5\libgcc.a(_sf_to_si.o)
 .debug_line    0x00000ae6       0x90 c:/winavr-20100110/bin/../lib/gcc/avr/4.3.3/avr5\libgcc.a(_thenan_sf.o)
 .debug_line    0x00000b76      0x133 c:/winavr-20100110/bin/../lib/gcc/avr/4.3.3/avr5\libgcc.a(_usi_to_sf.o)
 .debug_line    0x00000ca9       0xa5 c:/winavr-20100110/bin/../lib/gcc/avr/4.3.3/avr5\libgcc.a(_clzsi2.o)
 .debug_line    0x00000d4e      0x18a c:/winavr-20100110/bin/../lib/gcc/avr/4.3.3/avr5\libgcc.a(_pack_sf.o)
 .debug_line    0x00000ed8      0x14b c:/winavr-20100110/bin/../lib/gcc/avr/4.3.3/avr5\libgcc.a(_unpack_sf.o)
 .debug_line    0x00001023      0x137 c:/winavr-20100110/bin/../lib/gcc/avr/4.3.3/avr5\libgcc.a(_fpcmp_parts_sf.o)
 .debug_line    0x0000115a       0x7c c:/winavr-20100110/bin/../lib/gcc/avr/4.3.3/avr5\libgcc.a(_clz.o)

.debug_frame    0x00000000      0x1c0
 *(.debug_frame)
 .debug_frame   0x00000000       0x20 c:/winavr-20100110/bin/../lib/gcc/avr/4.3.3/avr5\libgcc.a(_fixunssfsi.o)
 .debug_frame   0x00000020       0x40 c:/winavr-20100110/bin/../lib/gcc/avr/4.3.3/avr5\libgcc.a(_addsub_sf.o)
 .debug_frame   0x00000060       0x20 c:/winavr-20100110/bin/../lib/gcc/avr/4.3.3/avr5\libgcc.a(_mul_sf.o)
 .debug_frame   0x00000080       0x20 c:/winavr-20100110/bin/../lib/gcc/avr/4.3.3/avr5\libgcc.a(_div_sf.o)
 .debug_frame   0x000000a0       0x20 c:/winavr-20100110/bin/../lib/gcc/avr/4.3.3/avr5\libgcc.a(_gt_sf.o)
 .debug_frame   0x000000c0       0x20 c:/winavr-20100110/bin/../lib/gcc/avr/4.3.3/avr5\libgcc.a(_ge_sf.o)
 .debug_frame   0x000000e0       0x20 c:/winavr-20100110/bin/../lib/gcc/avr/4.3.3/avr5\libgcc.a(_lt_sf.o)
 .debug_frame   0x00000100       0x20 c:/winavr-20100110/bin/../lib/gcc/avr/4.3.3/avr5\libgcc.a(_sf_to_si.o)
 .debug_frame   0x00000120       0x20 c:/winavr-20100110/bin/../lib/gcc/avr/4.3.3/avr5\libgcc.a(_usi_to_sf.o)
 .debug_frame   0x00000140       0x20 c:/winavr-20100110/bin/../lib/gcc/avr/4.3.3/avr5\libgcc.a(_clzsi2.o)
 .debug_frame   0x00000160       0x20 c:/winavr-20100110/bin/../lib/gcc/avr/4.3.3/avr5\libgcc.a(_pack_sf.o)
 .debug_frame   0x00000180       0x20 c:/winavr-20100110/bin/../lib/gcc/avr/4.3.3/avr5\libgcc.a(_unpack_sf.o)
 .debug_frame   0x000001a0       0x20 c:/winavr-20100110/bin/../lib/gcc/avr/4.3.3/avr5\libgcc.a(_fpcmp_parts_sf.o)

.debug_str      0x00000000      0x2f6
 *(.debug_str)
 .debug_str     0x00000000       0xbf c:/winavr-20100110/bin/../lib/gcc/avr/4.3.3/avr5\libgcc.a(_fixunssfsi.o)
                                 0xfe (size before relaxing)
 .debug_str     0x000000bf      0x14d c:/winavr-20100110/bin/../lib/gcc/avr/4.3.3/avr5\libgcc.a(_addsub_sf.o)
                                0x206 (size before relaxing)
 .debug_str     0x0000020c       0x27 c:/winavr-20100110/bin/../lib/gcc/avr/4.3.3/avr5\libgcc.a(_mul_sf.o)
                                0x1bf (size before relaxing)
 .debug_str     0x00000233       0x35 c:/winavr-20100110/bin/../lib/gcc/avr/4.3.3/avr5\libgcc.a(_div_sf.o)
                                0x1c8 (size before relaxing)
 .debug_str     0x00000268        0x8 c:/winavr-20100110/bin/../lib/gcc/avr/4.3.3/avr5\libgcc.a(_gt_sf.o)
                                0x195 (size before relaxing)
 .debug_str     0x00000270        0x8 c:/winavr-20100110/bin/../lib/gcc/avr/4.3.3/avr5\libgcc.a(_ge_sf.o)
                                0x195 (size before relaxing)
 .debug_str     0x00000278        0x8 c:/winavr-20100110/bin/../lib/gcc/avr/4.3.3/avr5\libgcc.a(_lt_sf.o)
                                0x195 (size before relaxing)
 .debug_str     0x00000280        0xa c:/winavr-20100110/bin/../lib/gcc/avr/4.3.3/avr5\libgcc.a(_sf_to_si.o)
                                0x19e (size before relaxing)
 .debug_str     0x00000000      0x103 c:/winavr-20100110/bin/../lib/gcc/avr/4.3.3/avr5\libgcc.a(_thenan_sf.o)
 .debug_str     0x0000028a       0x21 c:/winavr-20100110/bin/../lib/gcc/avr/4.3.3/avr5\libgcc.a(_usi_to_sf.o)
                                0x177 (size before relaxing)
 .debug_str     0x000002ab       0x20 c:/winavr-20100110/bin/../lib/gcc/avr/4.3.3/avr5\libgcc.a(_clzsi2.o)
                                0x111 (size before relaxing)
 .debug_str     0x000002cb       0x10 c:/winavr-20100110/bin/../lib/gcc/avr/4.3.3/avr5\libgcc.a(_pack_sf.o)
                                0x19d (size before relaxing)
 .debug_str     0x000002db        0xb c:/winavr-20100110/bin/../lib/gcc/avr/4.3.3/avr5\libgcc.a(_unpack_sf.o)
                                0x17f (size before relaxing)
 .debug_str     0x000002e6       0x10 c:/winavr-20100110/bin/../lib/gcc/avr/4.3.3/avr5\libgcc.a(_fpcmp_parts_sf.o)
                                0x163 (size before relaxing)
 .debug_str     0x00000000       0xf4 c:/winavr-20100110/bin/../lib/gcc/avr/4.3.3/avr5\libgcc.a(_clz.o)

.debug_loc      0x00000000      0x96e
 *(.debug_loc)
 .debug_loc     0x00000000       0x34 c:/winavr-20100110/bin/../lib/gcc/avr/4.3.3/avr5\libgcc.a(_fixunssfsi.o)
 .debug_loc     0x00000034      0x32a c:/winavr-20100110/bin/../lib/gcc/avr/4.3.3/avr5\libgcc.a(_addsub_sf.o)
 .debug_loc     0x0000035e      0x104 c:/winavr-20100110/bin/../lib/gcc/avr/4.3.3/avr5\libgcc.a(_mul_sf.o)
 .debug_loc     0x00000462       0xc0 c:/winavr-20100110/bin/../lib/gcc/avr/4.3.3/avr5\libgcc.a(_div_sf.o)
 .debug_loc     0x00000522       0x3c c:/winavr-20100110/bin/../lib/gcc/avr/4.3.3/avr5\libgcc.a(_gt_sf.o)
 .debug_loc     0x0000055e       0x3c c:/winavr-20100110/bin/../lib/gcc/avr/4.3.3/avr5\libgcc.a(_ge_sf.o)
 .debug_loc     0x0000059a       0x3c c:/winavr-20100110/bin/../lib/gcc/avr/4.3.3/avr5\libgcc.a(_lt_sf.o)
 .debug_loc     0x000005d6       0x7e c:/winavr-20100110/bin/../lib/gcc/avr/4.3.3/avr5\libgcc.a(_sf_to_si.o)
 .debug_loc     0x00000654       0x4c c:/winavr-20100110/bin/../lib/gcc/avr/4.3.3/avr5\libgcc.a(_usi_to_sf.o)
 .debug_loc     0x000006a0       0x94 c:/winavr-20100110/bin/../lib/gcc/avr/4.3.3/avr5\libgcc.a(_clzsi2.o)
 .debug_loc     0x00000734      0x13e c:/winavr-20100110/bin/../lib/gcc/avr/4.3.3/avr5\libgcc.a(_pack_sf.o)
 .debug_loc     0x00000872       0xac c:/winavr-20100110/bin/../lib/gcc/avr/4.3.3/avr5\libgcc.a(_unpack_sf.o)
 .debug_loc     0x0000091e       0x50 c:/winavr-20100110/bin/../lib/gcc/avr/4.3.3/avr5\libgcc.a(_fpcmp_parts_sf.o)

.debug_macinfo
 *(.debug_macinfo)
OUTPUT(ATM_Terminal.elf elf32-avr)
LOAD linker stubs

.debug_ranges   0x00000000       0x50
 .debug_ranges  0x00000000       0x50 c:/winavr-20100110/bin/../lib/gcc/avr/4.3.3/avr5\libgcc.a(_mul_sf.o)
