Archive member included because of file (symbol)

d:/iti 3 month/imt tools/imt tools/sdk/imt_sdk_win_64/imt_sdk_win_64/winavr/bin/../lib/gcc/avr/4.3.3/avr5\libgcc.a(_mulsi3.o)
                              ./ATM_Terminal/HAL/LM35/LM_35_Program.o (__mulsi3)
d:/iti 3 month/imt tools/imt tools/sdk/imt_sdk_win_64/imt_sdk_win_64/winavr/bin/../lib/gcc/avr/4.3.3/avr5\libgcc.a(_udivmodhi4.o)
                              ./ATM_Terminal/HAL/LCD/LCD16x2.o (__udivmodhi4)
d:/iti 3 month/imt tools/imt tools/sdk/imt_sdk_win_64/imt_sdk_win_64/winavr/bin/../lib/gcc/avr/4.3.3/avr5\libgcc.a(_udivmodsi4.o)
                              ./ATM_Terminal/HAL/EEPROM/EEPROM_program.o (__udivmodsi4)
d:/iti 3 month/imt tools/imt tools/sdk/imt_sdk_win_64/imt_sdk_win_64/winavr/bin/../lib/gcc/avr/4.3.3/avr5\libgcc.a(_exit.o)
                              d:/iti 3 month/imt tools/imt tools/sdk/imt_sdk_win_64/imt_sdk_win_64/winavr/bin/../lib/gcc/avr/4.3.3/../../../../avr/lib/avr5/crtm32.o (exit)
d:/iti 3 month/imt tools/imt tools/sdk/imt_sdk_win_64/imt_sdk_win_64/winavr/bin/../lib/gcc/avr/4.3.3/avr5\libgcc.a(_copy_data.o)
                              ./ATM_Terminal/MCAL/UART/UART.o (__do_copy_data)
d:/iti 3 month/imt tools/imt tools/sdk/imt_sdk_win_64/imt_sdk_win_64/winavr/bin/../lib/gcc/avr/4.3.3/avr5\libgcc.a(_clear_bss.o)
                              ./ATM_Terminal/MCAL/UART/UART.o (__do_clear_bss)
d:/iti 3 month/imt tools/imt tools/sdk/imt_sdk_win_64/imt_sdk_win_64/winavr/bin/../lib/gcc/avr/4.3.3/avr5\libgcc.a(_fixunssfsi.o)
                              ./ATM_Terminal/HAL/LM35/LM_35_Program.o (__fixunssfsi)
d:/iti 3 month/imt tools/imt tools/sdk/imt_sdk_win_64/imt_sdk_win_64/winavr/bin/../lib/gcc/avr/4.3.3/avr5\libgcc.a(_addsub_sf.o)
                              d:/iti 3 month/imt tools/imt tools/sdk/imt_sdk_win_64/imt_sdk_win_64/winavr/bin/../lib/gcc/avr/4.3.3/avr5\libgcc.a(_fixunssfsi.o) (__subsf3)
d:/iti 3 month/imt tools/imt tools/sdk/imt_sdk_win_64/imt_sdk_win_64/winavr/bin/../lib/gcc/avr/4.3.3/avr5\libgcc.a(_mul_sf.o)
                              ./ATM_Terminal/HAL/LCD/LCD16x2.o (__mulsf3)
d:/iti 3 month/imt tools/imt tools/sdk/imt_sdk_win_64/imt_sdk_win_64/winavr/bin/../lib/gcc/avr/4.3.3/avr5\libgcc.a(_div_sf.o)
                              ./ATM_Terminal/HAL/LM35/LM_35_Program.o (__divsf3)
d:/iti 3 month/imt tools/imt tools/sdk/imt_sdk_win_64/imt_sdk_win_64/winavr/bin/../lib/gcc/avr/4.3.3/avr5\libgcc.a(_gt_sf.o)
                              ./ATM_Terminal/HAL/LCD/LCD16x2.o (__gtsf2)
d:/iti 3 month/imt tools/imt tools/sdk/imt_sdk_win_64/imt_sdk_win_64/winavr/bin/../lib/gcc/avr/4.3.3/avr5\libgcc.a(_ge_sf.o)
                              d:/iti 3 month/imt tools/imt tools/sdk/imt_sdk_win_64/imt_sdk_win_64/winavr/bin/../lib/gcc/avr/4.3.3/avr5\libgcc.a(_fixunssfsi.o) (__gesf2)
d:/iti 3 month/imt tools/imt tools/sdk/imt_sdk_win_64/imt_sdk_win_64/winavr/bin/../lib/gcc/avr/4.3.3/avr5\libgcc.a(_lt_sf.o)
                              ./ATM_Terminal/HAL/LCD/LCD16x2.o (__ltsf2)
d:/iti 3 month/imt tools/imt tools/sdk/imt_sdk_win_64/imt_sdk_win_64/winavr/bin/../lib/gcc/avr/4.3.3/avr5\libgcc.a(_sf_to_si.o)
                              d:/iti 3 month/imt tools/imt tools/sdk/imt_sdk_win_64/imt_sdk_win_64/winavr/bin/../lib/gcc/avr/4.3.3/avr5\libgcc.a(_fixunssfsi.o) (__fixsfsi)
d:/iti 3 month/imt tools/imt tools/sdk/imt_sdk_win_64/imt_sdk_win_64/winavr/bin/../lib/gcc/avr/4.3.3/avr5\libgcc.a(_thenan_sf.o)
                              d:/iti 3 month/imt tools/imt tools/sdk/imt_sdk_win_64/imt_sdk_win_64/winavr/bin/../lib/gcc/avr/4.3.3/avr5\libgcc.a(_addsub_sf.o) (__thenan_sf)
d:/iti 3 month/imt tools/imt tools/sdk/imt_sdk_win_64/imt_sdk_win_64/winavr/bin/../lib/gcc/avr/4.3.3/avr5\libgcc.a(_usi_to_sf.o)
                              ./ATM_Terminal/HAL/LM35/LM_35_Program.o (__floatunsisf)
d:/iti 3 month/imt tools/imt tools/sdk/imt_sdk_win_64/imt_sdk_win_64/winavr/bin/../lib/gcc/avr/4.3.3/avr5\libgcc.a(_prologue.o)
                              d:/iti 3 month/imt tools/imt tools/sdk/imt_sdk_win_64/imt_sdk_win_64/winavr/bin/../lib/gcc/avr/4.3.3/avr5\libgcc.a(_addsub_sf.o) (__prologue_saves__)
d:/iti 3 month/imt tools/imt tools/sdk/imt_sdk_win_64/imt_sdk_win_64/winavr/bin/../lib/gcc/avr/4.3.3/avr5\libgcc.a(_epilogue.o)
                              d:/iti 3 month/imt tools/imt tools/sdk/imt_sdk_win_64/imt_sdk_win_64/winavr/bin/../lib/gcc/avr/4.3.3/avr5\libgcc.a(_addsub_sf.o) (__epilogue_restores__)
d:/iti 3 month/imt tools/imt tools/sdk/imt_sdk_win_64/imt_sdk_win_64/winavr/bin/../lib/gcc/avr/4.3.3/avr5\libgcc.a(_clzsi2.o)
                              d:/iti 3 month/imt tools/imt tools/sdk/imt_sdk_win_64/imt_sdk_win_64/winavr/bin/../lib/gcc/avr/4.3.3/avr5\libgcc.a(_usi_to_sf.o) (__clzsi2)
d:/iti 3 month/imt tools/imt tools/sdk/imt_sdk_win_64/imt_sdk_win_64/winavr/bin/../lib/gcc/avr/4.3.3/avr5\libgcc.a(_pack_sf.o)
                              d:/iti 3 month/imt tools/imt tools/sdk/imt_sdk_win_64/imt_sdk_win_64/winavr/bin/../lib/gcc/avr/4.3.3/avr5\libgcc.a(_addsub_sf.o) (__pack_f)
d:/iti 3 month/imt tools/imt tools/sdk/imt_sdk_win_64/imt_sdk_win_64/winavr/bin/../lib/gcc/avr/4.3.3/avr5\libgcc.a(_unpack_sf.o)
                              d:/iti 3 month/imt tools/imt tools/sdk/imt_sdk_win_64/imt_sdk_win_64/winavr/bin/../lib/gcc/avr/4.3.3/avr5\libgcc.a(_addsub_sf.o) (__unpack_f)
d:/iti 3 month/imt tools/imt tools/sdk/imt_sdk_win_64/imt_sdk_win_64/winavr/bin/../lib/gcc/avr/4.3.3/avr5\libgcc.a(_fpcmp_parts_sf.o)
                              d:/iti 3 month/imt tools/imt tools/sdk/imt_sdk_win_64/imt_sdk_win_64/winavr/bin/../lib/gcc/avr/4.3.3/avr5\libgcc.a(_gt_sf.o) (__fpcmp_parts_f)
d:/iti 3 month/imt tools/imt tools/sdk/imt_sdk_win_64/imt_sdk_win_64/winavr/bin/../lib/gcc/avr/4.3.3/avr5\libgcc.a(_clz.o)
                              d:/iti 3 month/imt tools/imt tools/sdk/imt_sdk_win_64/imt_sdk_win_64/winavr/bin/../lib/gcc/avr/4.3.3/avr5\libgcc.a(_clzsi2.o) (__clz_tab)

Memory Configuration

Name             Origin             Length             Attributes
text             0x00000000         0x00020000         xr
data             0x00800060         0x0000ffa0         rw !x
eeprom           0x00810000         0x00010000         rw !x
fuse             0x00820000         0x00000400         rw !x
lock             0x00830000         0x00000400         rw !x
signature        0x00840000         0x00000400         rw !x
*default*        0x00000000         0xffffffff

Linker script and memory map

LOAD d:/iti 3 month/imt tools/imt tools/sdk/imt_sdk_win_64/imt_sdk_win_64/winavr/bin/../lib/gcc/avr/4.3.3/../../../../avr/lib/avr5/crtm32.o
LOAD ./ATM_Terminal/SERVICE/SER_UART/SER_UART.o
LOAD ./ATM_Terminal/MCAL/UART/UART.o
LOAD ./ATM_Terminal/MCAL/SPI/SPI.o
LOAD ./ATM_Terminal/MCAL/I2C/I2C_Program.o
LOAD ./ATM_Terminal/MCAL/EXTI/EXTI.o
LOAD ./ATM_Terminal/MCAL/DIO/DIO.o
LOAD ./ATM_Terminal/MCAL/ADC/ADC_Program.o
LOAD ./ATM_Terminal/HAL/MOTOR/MOTOR_Program.o
LOAD ./ATM_Terminal/HAL/LM35/LM_35_Program.o
LOAD ./ATM_Terminal/HAL/LCD/LCD16x2.o
LOAD ./ATM_Terminal/HAL/KeyPad/Keypad.o
LOAD ./ATM_Terminal/HAL/EEPROM/EEPROM_program.o
LOAD ./ATM_Terminal/APP/APP.o
LOAD ./ATM_Terminal/APP/main.o
LOAD d:/iti 3 month/imt tools/imt tools/sdk/imt_sdk_win_64/imt_sdk_win_64/winavr/bin/../lib/gcc/avr/4.3.3/avr5\libgcc.a
LOAD d:/iti 3 month/imt tools/imt tools/sdk/imt_sdk_win_64/imt_sdk_win_64/winavr/bin/../lib/gcc/avr/4.3.3/../../../../avr/lib/avr5\libc.a
LOAD d:/iti 3 month/imt tools/imt tools/sdk/imt_sdk_win_64/imt_sdk_win_64/winavr/bin/../lib/gcc/avr/4.3.3/avr5\libgcc.a

.hash
 *(.hash)

.dynsym
 *(.dynsym)

.dynstr
 *(.dynstr)

.gnu.version
 *(.gnu.version)

.gnu.version_d
 *(.gnu.version_d)

.gnu.version_r
 *(.gnu.version_r)

.rel.init
 *(.rel.init)

.rela.init
 *(.rela.init)

.rel.text
 *(.rel.text)
 *(.rel.text.*)
 *(.rel.gnu.linkonce.t*)

.rela.text
 *(.rela.text)
 *(.rela.text.*)
 *(.rela.gnu.linkonce.t*)

.rel.fini
 *(.rel.fini)

.rela.fini
 *(.rela.fini)

.rel.rodata
 *(.rel.rodata)
 *(.rel.rodata.*)
 *(.rel.gnu.linkonce.r*)

.rela.rodata
 *(.rela.rodata)
 *(.rela.rodata.*)
 *(.rela.gnu.linkonce.r*)

.rel.data
 *(.rel.data)
 *(.rel.data.*)
 *(.rel.gnu.linkonce.d*)

.rela.data
 *(.rela.data)
 *(.rela.data.*)
 *(.rela.gnu.linkonce.d*)

.rel.ctors
 *(.rel.ctors)

.rela.ctors
 *(.rela.ctors)

.rel.dtors
 *(.rel.dtors)

.rela.dtors
 *(.rela.dtors)

.rel.got
 *(.rel.got)

.rela.got
 *(.rela.got)

.rel.bss
 *(.rel.bss)

.rela.bss
 *(.rela.bss)

.rel.plt
 *(.rel.plt)

.rela.plt
 *(.rela.plt)

.text           0x00000000     0x5416
 *(.vectors)
 .vectors       0x00000000       0x54 d:/iti 3 month/imt tools/imt tools/sdk/imt_sdk_win_64/imt_sdk_win_64/winavr/bin/../lib/gcc/avr/4.3.3/../../../../avr/lib/avr5/crtm32.o
                0x00000000                __vectors
                0x00000000                __vector_default
 *(.vectors)
 *(.progmem.gcc*)
 *(.progmem*)
                0x00000054                . = ALIGN (0x2)
                0x00000054                __trampolines_start = .
 *(.trampolines)
 .trampolines   0x00000054        0x0 linker stubs
 *(.trampolines*)
                0x00000054                __trampolines_end = .
 *(.jumptables)
 *(.jumptables*)
 *(.lowtext)
 *(.lowtext*)
                0x00000054                __ctors_start = .
 *(.ctors)
                0x00000054                __ctors_end = .
                0x00000054                __dtors_start = .
 *(.dtors)
                0x00000054                __dtors_end = .
 SORT(*)(.ctors)
 SORT(*)(.dtors)
 *(.init0)
 .init0         0x00000054        0x0 d:/iti 3 month/imt tools/imt tools/sdk/imt_sdk_win_64/imt_sdk_win_64/winavr/bin/../lib/gcc/avr/4.3.3/../../../../avr/lib/avr5/crtm32.o
                0x00000054                __init
 *(.init0)
 *(.init1)
 *(.init1)
 *(.init2)
 .init2         0x00000054        0xc d:/iti 3 month/imt tools/imt tools/sdk/imt_sdk_win_64/imt_sdk_win_64/winavr/bin/../lib/gcc/avr/4.3.3/../../../../avr/lib/avr5/crtm32.o
 *(.init2)
 *(.init3)
 *(.init3)
 *(.init4)
 .init4         0x00000060       0x16 d:/iti 3 month/imt tools/imt tools/sdk/imt_sdk_win_64/imt_sdk_win_64/winavr/bin/../lib/gcc/avr/4.3.3/avr5\libgcc.a(_copy_data.o)
                0x00000060                __do_copy_data
 .init4         0x00000076       0x10 d:/iti 3 month/imt tools/imt tools/sdk/imt_sdk_win_64/imt_sdk_win_64/winavr/bin/../lib/gcc/avr/4.3.3/avr5\libgcc.a(_clear_bss.o)
                0x00000076                __do_clear_bss
 *(.init4)
 *(.init5)
 *(.init5)
 *(.init6)
 *(.init6)
 *(.init7)
 *(.init7)
 *(.init8)
 *(.init8)
 *(.init9)
 .init9         0x00000086        0x8 d:/iti 3 month/imt tools/imt tools/sdk/imt_sdk_win_64/imt_sdk_win_64/winavr/bin/../lib/gcc/avr/4.3.3/../../../../avr/lib/avr5/crtm32.o
 *(.init9)
 *(.text)
 .text          0x0000008e        0x4 d:/iti 3 month/imt tools/imt tools/sdk/imt_sdk_win_64/imt_sdk_win_64/winavr/bin/../lib/gcc/avr/4.3.3/../../../../avr/lib/avr5/crtm32.o
                0x0000008e                __vector_12
                0x0000008e                __bad_interrupt
                0x0000008e                __vector_6
                0x0000008e                __vector_11
                0x0000008e                __vector_17
                0x0000008e                __vector_19
                0x0000008e                __vector_7
                0x0000008e                __vector_5
                0x0000008e                __vector_4
                0x0000008e                __vector_9
                0x0000008e                __vector_8
                0x0000008e                __vector_14
                0x0000008e                __vector_10
                0x0000008e                __vector_16
                0x0000008e                __vector_18
                0x0000008e                __vector_20
 .text          0x00000092        0x0 ./ATM_Terminal/SERVICE/SER_UART/SER_UART.o
 .text          0x00000092        0x0 ./ATM_Terminal/MCAL/UART/UART.o
 .text          0x00000092        0x0 ./ATM_Terminal/MCAL/SPI/SPI.o
 .text          0x00000092        0x0 ./ATM_Terminal/MCAL/I2C/I2C_Program.o
 .text          0x00000092        0x0 ./ATM_Terminal/MCAL/EXTI/EXTI.o
 .text          0x00000092        0x0 ./ATM_Terminal/MCAL/DIO/DIO.o
 .text          0x00000092        0x0 ./ATM_Terminal/MCAL/ADC/ADC_Program.o
 .text          0x00000092        0x0 ./ATM_Terminal/HAL/MOTOR/MOTOR_Program.o
 .text          0x00000092        0x0 ./ATM_Terminal/HAL/LM35/LM_35_Program.o
 .text          0x00000092        0x0 ./ATM_Terminal/HAL/LCD/LCD16x2.o
 .text          0x00000092        0x0 ./ATM_Terminal/HAL/KeyPad/Keypad.o
 .text          0x00000092        0x0 ./ATM_Terminal/HAL/EEPROM/EEPROM_program.o
 .text          0x00000092        0x0 ./ATM_Terminal/APP/APP.o
 .text          0x00000092        0x0 ./ATM_Terminal/APP/main.o
 .text          0x00000092        0x0 d:/iti 3 month/imt tools/imt tools/sdk/imt_sdk_win_64/imt_sdk_win_64/winavr/bin/../lib/gcc/avr/4.3.3/avr5\libgcc.a(_mulsi3.o)
 .text          0x00000092        0x0 d:/iti 3 month/imt tools/imt tools/sdk/imt_sdk_win_64/imt_sdk_win_64/winavr/bin/../lib/gcc/avr/4.3.3/avr5\libgcc.a(_udivmodhi4.o)
 .text          0x00000092        0x0 d:/iti 3 month/imt tools/imt tools/sdk/imt_sdk_win_64/imt_sdk_win_64/winavr/bin/../lib/gcc/avr/4.3.3/avr5\libgcc.a(_udivmodsi4.o)
 .text          0x00000092        0x0 d:/iti 3 month/imt tools/imt tools/sdk/imt_sdk_win_64/imt_sdk_win_64/winavr/bin/../lib/gcc/avr/4.3.3/avr5\libgcc.a(_exit.o)
 .text          0x00000092        0x0 d:/iti 3 month/imt tools/imt tools/sdk/imt_sdk_win_64/imt_sdk_win_64/winavr/bin/../lib/gcc/avr/4.3.3/avr5\libgcc.a(_copy_data.o)
 .text          0x00000092        0x0 d:/iti 3 month/imt tools/imt tools/sdk/imt_sdk_win_64/imt_sdk_win_64/winavr/bin/../lib/gcc/avr/4.3.3/avr5\libgcc.a(_clear_bss.o)
 .text          0x00000092       0x58 d:/iti 3 month/imt tools/imt tools/sdk/imt_sdk_win_64/imt_sdk_win_64/winavr/bin/../lib/gcc/avr/4.3.3/avr5\libgcc.a(_fixunssfsi.o)
                0x00000092                __fixunssfsi
 .text          0x000000ea      0x354 d:/iti 3 month/imt tools/imt tools/sdk/imt_sdk_win_64/imt_sdk_win_64/winavr/bin/../lib/gcc/avr/4.3.3/avr5\libgcc.a(_addsub_sf.o)
                0x00000382                __subsf3
                0x000003e4                __addsf3
 .text          0x0000043e      0x1f4 d:/iti 3 month/imt tools/imt tools/sdk/imt_sdk_win_64/imt_sdk_win_64/winavr/bin/../lib/gcc/avr/4.3.3/avr5\libgcc.a(_mul_sf.o)
                0x0000043e                __mulsf3
 .text          0x00000632      0x158 d:/iti 3 month/imt tools/imt tools/sdk/imt_sdk_win_64/imt_sdk_win_64/winavr/bin/../lib/gcc/avr/4.3.3/avr5\libgcc.a(_div_sf.o)
                0x00000632                __divsf3
 .text          0x0000078a       0x60 d:/iti 3 month/imt tools/imt tools/sdk/imt_sdk_win_64/imt_sdk_win_64/winavr/bin/../lib/gcc/avr/4.3.3/avr5\libgcc.a(_gt_sf.o)
                0x0000078a                __gtsf2
 .text          0x000007ea       0x60 d:/iti 3 month/imt tools/imt tools/sdk/imt_sdk_win_64/imt_sdk_win_64/winavr/bin/../lib/gcc/avr/4.3.3/avr5\libgcc.a(_ge_sf.o)
                0x000007ea                __gesf2
 .text          0x0000084a       0x60 d:/iti 3 month/imt tools/imt tools/sdk/imt_sdk_win_64/imt_sdk_win_64/winavr/bin/../lib/gcc/avr/4.3.3/avr5\libgcc.a(_lt_sf.o)
                0x0000084a                __ltsf2
 .text          0x000008aa       0xa8 d:/iti 3 month/imt tools/imt tools/sdk/imt_sdk_win_64/imt_sdk_win_64/winavr/bin/../lib/gcc/avr/4.3.3/avr5\libgcc.a(_sf_to_si.o)
                0x000008aa                __fixsfsi
 .text          0x00000952        0x0 d:/iti 3 month/imt tools/imt tools/sdk/imt_sdk_win_64/imt_sdk_win_64/winavr/bin/../lib/gcc/avr/4.3.3/avr5\libgcc.a(_thenan_sf.o)
 .text          0x00000952       0xf2 d:/iti 3 month/imt tools/imt tools/sdk/imt_sdk_win_64/imt_sdk_win_64/winavr/bin/../lib/gcc/avr/4.3.3/avr5\libgcc.a(_usi_to_sf.o)
                0x00000952                __floatunsisf
 .text          0x00000a44        0x0 d:/iti 3 month/imt tools/imt tools/sdk/imt_sdk_win_64/imt_sdk_win_64/winavr/bin/../lib/gcc/avr/4.3.3/avr5\libgcc.a(_prologue.o)
 .text          0x00000a44        0x0 d:/iti 3 month/imt tools/imt tools/sdk/imt_sdk_win_64/imt_sdk_win_64/winavr/bin/../lib/gcc/avr/4.3.3/avr5\libgcc.a(_epilogue.o)
 .text          0x00000a44       0x9e d:/iti 3 month/imt tools/imt tools/sdk/imt_sdk_win_64/imt_sdk_win_64/winavr/bin/../lib/gcc/avr/4.3.3/avr5\libgcc.a(_clzsi2.o)
                0x00000a44                __clzsi2
 .text          0x00000ae2      0x1aa d:/iti 3 month/imt tools/imt tools/sdk/imt_sdk_win_64/imt_sdk_win_64/winavr/bin/../lib/gcc/avr/4.3.3/avr5\libgcc.a(_pack_sf.o)
                0x00000ae2                __pack_f
 .text          0x00000c8c       0xf0 d:/iti 3 month/imt tools/imt tools/sdk/imt_sdk_win_64/imt_sdk_win_64/winavr/bin/../lib/gcc/avr/4.3.3/avr5\libgcc.a(_unpack_sf.o)
                0x00000c8c                __unpack_f
 .text          0x00000d7c       0xb2 d:/iti 3 month/imt tools/imt tools/sdk/imt_sdk_win_64/imt_sdk_win_64/winavr/bin/../lib/gcc/avr/4.3.3/avr5\libgcc.a(_fpcmp_parts_sf.o)
                0x00000d7c                __fpcmp_parts_f
 .text          0x00000e2e        0x0 d:/iti 3 month/imt tools/imt tools/sdk/imt_sdk_win_64/imt_sdk_win_64/winavr/bin/../lib/gcc/avr/4.3.3/avr5\libgcc.a(_clz.o)
                0x00000e2e                . = ALIGN (0x2)
 *(.text.*)
 .text.SER_UARTvoidSendString
                0x00000e2e       0x5a ./ATM_Terminal/SERVICE/SER_UART/SER_UART.o
                0x00000e2e                SER_UARTvoidSendString
 .text.SER_UARTvoidReceiveString
                0x00000e88       0x86 ./ATM_Terminal/SERVICE/SER_UART/SER_UART.o
                0x00000e88                SER_UARTvoidReceiveString
 .text.SER_UARTvoidReceiveStringNoBLOCKING
                0x00000f0e       0x76 ./ATM_Terminal/SERVICE/SER_UART/SER_UART.o
                0x00000f0e                SER_UARTvoidReceiveStringNoBLOCKING
 .text.SER_UARTvoidSendLongNum
                0x00000f84       0x62 ./ATM_Terminal/SERVICE/SER_UART/SER_UART.o
                0x00000f84                SER_UARTvoidSendLongNum
 .text.SER_UARTu32ReceiveLongNum
                0x00000fe6       0xa8 ./ATM_Terminal/SERVICE/SER_UART/SER_UART.o
                0x00000fe6                SER_UARTu32ReceiveLongNum
 .text.UART_ENInit
                0x0000108e       0xdc ./ATM_Terminal/MCAL/UART/UART.o
                0x0000108e                UART_ENInit
 .text.UART_ENSendData
                0x0000116a       0x36 ./ATM_Terminal/MCAL/UART/UART.o
                0x0000116a                UART_ENSendData
 .text.UART_ENSendNoBlock
                0x000011a0       0x1e ./ATM_Terminal/MCAL/UART/UART.o
                0x000011a0                UART_ENSendNoBlock
 .text.UART_u8ReceiveData
                0x000011be       0x1e ./ATM_Terminal/MCAL/UART/UART.o
                0x000011be                UART_u8ReceiveData
 .text.UART_u8ReceiveNoBlock
                0x000011dc       0x3a ./ATM_Terminal/MCAL/UART/UART.o
                0x000011dc                UART_u8ReceiveNoBlock
 .text.UART_voidTXInterruptEnable
                0x00001216       0x2a ./ATM_Terminal/MCAL/UART/UART.o
                0x00001216                UART_voidTXInterruptEnable
 .text.UART_voidRXInterruptEnable
                0x00001240       0x2a ./ATM_Terminal/MCAL/UART/UART.o
                0x00001240                UART_voidRXInterruptEnable
 .text.UART_voidSendString_Ashync
                0x0000126a       0x3e ./ATM_Terminal/MCAL/UART/UART.o
                0x0000126a                UART_voidSendString_Ashync
 .text.UART_voidReceiveString_Ashync
                0x000012a8       0x28 ./ATM_Terminal/MCAL/UART/UART.o
                0x000012a8                UART_voidReceiveString_Ashync
 .text.__vector_15
                0x000012d0       0xa0 ./ATM_Terminal/MCAL/UART/UART.o
                0x000012d0                __vector_15
 .text.__vector_13
                0x00001370       0x8a ./ATM_Terminal/MCAL/UART/UART.o
                0x00001370                __vector_13
 .text.SPI_VidInitMaster
                0x000013fa       0x4e ./ATM_Terminal/MCAL/SPI/SPI.o
                0x000013fa                SPI_VidInitMaster
 .text.SPI_VidInitSlave
                0x00001448       0x4e ./ATM_Terminal/MCAL/SPI/SPI.o
                0x00001448                SPI_VidInitSlave
 .text.SPI_VidSendByte
                0x00001496       0x26 ./ATM_Terminal/MCAL/SPI/SPI.o
                0x00001496                SPI_VidSendByte
 .text.SPI_U8RecieveByte
                0x000014bc       0x1e ./ATM_Terminal/MCAL/SPI/SPI.o
                0x000014bc                SPI_U8RecieveByte
 .text.SPI_VidSendString
                0x000014da       0x52 ./ATM_Terminal/MCAL/SPI/SPI.o
                0x000014da                SPI_VidSendString
 .text.SPI_VidRecieveString
                0x0000152c       0x86 ./ATM_Terminal/MCAL/SPI/SPI.o
                0x0000152c                SPI_VidRecieveString
 .text.I2C_MasterInit
                0x000015b2       0x48 ./ATM_Terminal/MCAL/I2C/I2C_Program.o
                0x000015b2                I2C_MasterInit
 .text.I2C_MasterStart
                0x000015fa       0x34 ./ATM_Terminal/MCAL/I2C/I2C_Program.o
                0x000015fa                I2C_MasterStart
 .text.I2C_SlaveInit
                0x0000162e       0x3e ./ATM_Terminal/MCAL/I2C/I2C_Program.o
                0x0000162e                I2C_SlaveInit
 .text.I2C_SendSlaveAddressWithWrite
                0x0000166c       0x52 ./ATM_Terminal/MCAL/I2C/I2C_Program.o
                0x0000166c                I2C_SendSlaveAddressWithWrite
 .text.I2C_SendSlaveAddressWithRead
                0x000016be       0x52 ./ATM_Terminal/MCAL/I2C/I2C_Program.o
                0x000016be                I2C_SendSlaveAddressWithRead
 .text.I2C_WriteDataByte
                0x00001710       0x34 ./ATM_Terminal/MCAL/I2C/I2C_Program.o
                0x00001710                I2C_WriteDataByte
 .text.I2C_ReadDataByte
                0x00001744       0x34 ./ATM_Terminal/MCAL/I2C/I2C_Program.o
                0x00001744                I2C_ReadDataByte
 .text.I2C_MasterStop
                0x00001778       0x38 ./ATM_Terminal/MCAL/I2C/I2C_Program.o
                0x00001778                I2C_MasterStop
 .text.EXTI_ENEnable
                0x000017b0       0xa4 ./ATM_Terminal/MCAL/EXTI/EXTI.o
                0x000017b0                EXTI_ENEnable
 .text.EXTI_ENisable
                0x00001854       0xa4 ./ATM_Terminal/MCAL/EXTI/EXTI.o
                0x00001854                EXTI_ENisable
 .text.EXTI_ENTriggerEdge
                0x000018f8      0x17e ./ATM_Terminal/MCAL/EXTI/EXTI.o
                0x000018f8                EXTI_ENTriggerEdge
 .text.EXTI_SetCallBack
                0x00001a76       0x7e ./ATM_Terminal/MCAL/EXTI/EXTI.o
                0x00001a76                EXTI_SetCallBack
 .text.__vector_1
                0x00001af4       0x66 ./ATM_Terminal/MCAL/EXTI/EXTI.o
                0x00001af4                __vector_1
 .text.__vector_2
                0x00001b5a       0x66 ./ATM_Terminal/MCAL/EXTI/EXTI.o
                0x00001b5a                __vector_2
 .text.__vector_3
                0x00001bc0       0x66 ./ATM_Terminal/MCAL/EXTI/EXTI.o
                0x00001bc0                __vector_3
 .text.DIO_voidSetPinValue
                0x00001c26      0x20e ./ATM_Terminal/MCAL/DIO/DIO.o
                0x00001c26                DIO_voidSetPinValue
 .text.DIO_voidSetPinDirection
                0x00001e34      0x20e ./ATM_Terminal/MCAL/DIO/DIO.o
                0x00001e34                DIO_voidSetPinDirection
 .text.DIO_u8GetPinValue
                0x00002042       0xf2 ./ATM_Terminal/MCAL/DIO/DIO.o
                0x00002042                DIO_u8GetPinValue
 .text.DIO_voidTogPin
                0x00002134      0x108 ./ATM_Terminal/MCAL/DIO/DIO.o
                0x00002134                DIO_voidTogPin
 .text.DIO_voidSetPortValue
                0x0000223c       0x90 ./ATM_Terminal/MCAL/DIO/DIO.o
                0x0000223c                DIO_voidSetPortValue
 .text.DIO_voidSetPortDirection
                0x000022cc       0x90 ./ATM_Terminal/MCAL/DIO/DIO.o
                0x000022cc                DIO_voidSetPortDirection
 .text.DIO_voidInpullUp
                0x0000235c      0x1a6 ./ATM_Terminal/MCAL/DIO/DIO.o
                0x0000235c                DIO_voidInpullUp
 .text.ADC_VoidInit
                0x00002502       0x70 ./ATM_Terminal/MCAL/ADC/ADC_Program.o
                0x00002502                ADC_VoidInit
 .text.ADC_U16GetChannelReading
                0x00002572       0x9a ./ATM_Terminal/MCAL/ADC/ADC_Program.o
                0x00002572                ADC_U16GetChannelReading
 .text.MOTOR_voidInit
                0x0000260c       0x18 ./ATM_Terminal/HAL/MOTOR/MOTOR_Program.o
                0x0000260c                MOTOR_voidInit
 .text.MOTOR_voidRotateClkWise
                0x00002624       0x84 ./ATM_Terminal/HAL/MOTOR/MOTOR_Program.o
                0x00002624                MOTOR_voidRotateClkWise
 .text.MOTOR_voidRotateAntiClkWise
                0x000026a8       0x98 ./ATM_Terminal/HAL/MOTOR/MOTOR_Program.o
                0x000026a8                MOTOR_voidRotateAntiClkWise
 .text.MOTOR_voidStop
                0x00002740       0x18 ./ATM_Terminal/HAL/MOTOR/MOTOR_Program.o
                0x00002740                MOTOR_voidStop
 .text.LM35_VoidInit
                0x00002758       0x1c ./ATM_Terminal/HAL/LM35/LM_35_Program.o
                0x00002758                LM35_VoidInit
 .text.LM35_U16Read
                0x00002774       0x8e ./ATM_Terminal/HAL/LM35/LM_35_Program.o
                0x00002774                LM35_U16Read
 .text.lcd_init
                0x00002802      0x95e ./ATM_Terminal/HAL/LCD/LCD16x2.o
                0x00002802                lcd_init
 .text.lcd_command
                0x00003160      0x554 ./ATM_Terminal/HAL/LCD/LCD16x2.o
                0x00003160                lcd_command
 .text.lcd_sendChar
                0x000036b4      0x436 ./ATM_Terminal/HAL/LCD/LCD16x2.o
                0x000036b4                lcd_sendChar
 .text.lcd_sendString
                0x00003aea       0x52 ./ATM_Terminal/HAL/LCD/LCD16x2.o
                0x00003aea                lcd_sendString
 .text.lcd_sendNum
                0x00003b3c      0x18e ./ATM_Terminal/HAL/LCD/LCD16x2.o
                0x00003b3c                lcd_sendNum
 .text.lcd_SetPosition
                0x00003cca       0x34 ./ATM_Terminal/HAL/LCD/LCD16x2.o
                0x00003cca                lcd_SetPosition
 .text.lcd_clear
                0x00003cfe      0x110 ./ATM_Terminal/HAL/LCD/LCD16x2.o
                0x00003cfe                lcd_clear
 .text.KEYPAD_voidInit
                0x00003e0e       0x76 ./ATM_Terminal/HAL/KeyPad/Keypad.o
                0x00003e0e                KEYPAD_voidInit
 .text.KEYPAD_u8Read
                0x00003e84       0xa8 ./ATM_Terminal/HAL/KeyPad/Keypad.o
                0x00003e84                KEYPAD_u8Read
 .text.eeprom_send_string
                0x00003f2c       0x6e ./ATM_Terminal/HAL/EEPROM/EEPROM_program.o
                0x00003f2c                eeprom_send_string
 .text.eeprom_recieve_string
                0x00003f9a       0x94 ./ATM_Terminal/HAL/EEPROM/EEPROM_program.o
                0x00003f9a                eeprom_recieve_string
 .text.change_stringToBin
                0x0000402e      0x13e ./ATM_Terminal/HAL/EEPROM/EEPROM_program.o
                0x0000402e                change_stringToBin
 .text.EX_Callback
                0x0000416c       0x56 ./ATM_Terminal/APP/APP.o
                0x0000416c                EX_Callback
 .text.APP_Init
                0x000041c2       0x5a ./ATM_Terminal/APP/APP.o
                0x000041c2                APP_Init
 .text.ADC_ATM  0x0000421c       0x46 ./ATM_Terminal/APP/APP.o
                0x0000421c                ADC_ATM
 .text.ADMIN_Mode
                0x00004262       0xec ./ATM_Terminal/APP/APP.o
                0x00004262                ADMIN_Mode
 .text.USER_Mode
                0x0000434e      0x60c ./ATM_Terminal/APP/APP.o
                0x0000434e                USER_Mode
 .text.Compare_Money
                0x0000495a       0x5a ./ATM_Terminal/APP/APP.o
                0x0000495a                Compare_Money
 .text.Pass_check
                0x000049b4      0x36c ./ATM_Terminal/APP/APP.o
                0x000049b4                Pass_check
 .text.TEMP     0x00004d20      0x216 ./ATM_Terminal/APP/APP.o
                0x00004d20                TEMP
 .text.String_u8Comp
                0x00004f36       0x90 ./ATM_Terminal/APP/APP.o
                0x00004f36                String_u8Comp
 .text.Get_Pass
                0x00004fc6       0xaa ./ATM_Terminal/APP/APP.o
                0x00004fc6                Get_Pass
 .text.String_u8ToNumb
                0x00005070       0xaa ./ATM_Terminal/APP/APP.o
                0x00005070                String_u8ToNumb
 .text.main     0x0000511a      0x1e0 ./ATM_Terminal/APP/main.o
                0x0000511a                main
 .text.libgcc   0x000052fa       0x3e d:/iti 3 month/imt tools/imt tools/sdk/imt_sdk_win_64/imt_sdk_win_64/winavr/bin/../lib/gcc/avr/4.3.3/avr5\libgcc.a(_mulsi3.o)
                0x000052fa                __mulsi3
 .text.libgcc   0x00005338       0x28 d:/iti 3 month/imt tools/imt tools/sdk/imt_sdk_win_64/imt_sdk_win_64/winavr/bin/../lib/gcc/avr/4.3.3/avr5\libgcc.a(_udivmodhi4.o)
                0x00005338                __udivmodhi4
 .text.libgcc   0x00005360       0x44 d:/iti 3 month/imt tools/imt tools/sdk/imt_sdk_win_64/imt_sdk_win_64/winavr/bin/../lib/gcc/avr/4.3.3/avr5\libgcc.a(_udivmodsi4.o)
                0x00005360                __udivmodsi4
 .text.libgcc   0x000053a4        0x0 d:/iti 3 month/imt tools/imt tools/sdk/imt_sdk_win_64/imt_sdk_win_64/winavr/bin/../lib/gcc/avr/4.3.3/avr5\libgcc.a(_exit.o)
 .text.libgcc   0x000053a4        0x0 d:/iti 3 month/imt tools/imt tools/sdk/imt_sdk_win_64/imt_sdk_win_64/winavr/bin/../lib/gcc/avr/4.3.3/avr5\libgcc.a(_copy_data.o)
 .text.libgcc   0x000053a4        0x0 d:/iti 3 month/imt tools/imt tools/sdk/imt_sdk_win_64/imt_sdk_win_64/winavr/bin/../lib/gcc/avr/4.3.3/avr5\libgcc.a(_clear_bss.o)
 .text.libgcc   0x000053a4       0x38 d:/iti 3 month/imt tools/imt tools/sdk/imt_sdk_win_64/imt_sdk_win_64/winavr/bin/../lib/gcc/avr/4.3.3/avr5\libgcc.a(_prologue.o)
                0x000053a4                __prologue_saves__
 .text.libgcc   0x000053dc       0x36 d:/iti 3 month/imt tools/imt tools/sdk/imt_sdk_win_64/imt_sdk_win_64/winavr/bin/../lib/gcc/avr/4.3.3/avr5\libgcc.a(_epilogue.o)
                0x000053dc                __epilogue_restores__
                0x00005412                . = ALIGN (0x2)
 *(.fini9)
 .fini9         0x00005412        0x0 d:/iti 3 month/imt tools/imt tools/sdk/imt_sdk_win_64/imt_sdk_win_64/winavr/bin/../lib/gcc/avr/4.3.3/avr5\libgcc.a(_exit.o)
                0x00005412                exit
                0x00005412                _exit
 *(.fini9)
 *(.fini8)
 *(.fini8)
 *(.fini7)
 *(.fini7)
 *(.fini6)
 *(.fini6)
 *(.fini5)
 *(.fini5)
 *(.fini4)
 *(.fini4)
 *(.fini3)
 *(.fini3)
 *(.fini2)
 *(.fini2)
 *(.fini1)
 *(.fini1)
 *(.fini0)
 .fini0         0x00005412        0x4 d:/iti 3 month/imt tools/imt tools/sdk/imt_sdk_win_64/imt_sdk_win_64/winavr/bin/../lib/gcc/avr/4.3.3/avr5\libgcc.a(_exit.o)
 *(.fini0)
                0x00005416                _etext = .

.data           0x00800060      0x2ee load address 0x00005416
                0x00800060                PROVIDE (__data_start, .)
 *(.data)
 .data          0x00800060        0x0 d:/iti 3 month/imt tools/imt tools/sdk/imt_sdk_win_64/imt_sdk_win_64/winavr/bin/../lib/gcc/avr/4.3.3/../../../../avr/lib/avr5/crtm32.o
 .data          0x00800060        0x0 ./ATM_Terminal/SERVICE/SER_UART/SER_UART.o
 .data          0x00800060        0x0 ./ATM_Terminal/MCAL/UART/UART.o
 .data          0x00800060        0x0 ./ATM_Terminal/MCAL/SPI/SPI.o
 .data          0x00800060        0x0 ./ATM_Terminal/MCAL/I2C/I2C_Program.o
 .data          0x00800060        0x0 ./ATM_Terminal/MCAL/EXTI/EXTI.o
 .data          0x00800060        0x0 ./ATM_Terminal/MCAL/DIO/DIO.o
 .data          0x00800060        0x0 ./ATM_Terminal/MCAL/ADC/ADC_Program.o
 .data          0x00800060        0x0 ./ATM_Terminal/HAL/MOTOR/MOTOR_Program.o
 .data          0x00800060        0x0 ./ATM_Terminal/HAL/LM35/LM_35_Program.o
 .data          0x00800060        0x0 ./ATM_Terminal/HAL/LCD/LCD16x2.o
 .data          0x00800060        0x0 ./ATM_Terminal/HAL/KeyPad/Keypad.o
 .data          0x00800060        0x0 ./ATM_Terminal/HAL/EEPROM/EEPROM_program.o
 .data          0x00800060      0x145 ./ATM_Terminal/APP/APP.o
 .data          0x008001a5       0x59 ./ATM_Terminal/APP/main.o
 .data          0x008001fe        0x0 d:/iti 3 month/imt tools/imt tools/sdk/imt_sdk_win_64/imt_sdk_win_64/winavr/bin/../lib/gcc/avr/4.3.3/avr5\libgcc.a(_mulsi3.o)
 .data          0x008001fe        0x0 d:/iti 3 month/imt tools/imt tools/sdk/imt_sdk_win_64/imt_sdk_win_64/winavr/bin/../lib/gcc/avr/4.3.3/avr5\libgcc.a(_udivmodhi4.o)
 .data          0x008001fe        0x0 d:/iti 3 month/imt tools/imt tools/sdk/imt_sdk_win_64/imt_sdk_win_64/winavr/bin/../lib/gcc/avr/4.3.3/avr5\libgcc.a(_udivmodsi4.o)
 .data          0x008001fe        0x0 d:/iti 3 month/imt tools/imt tools/sdk/imt_sdk_win_64/imt_sdk_win_64/winavr/bin/../lib/gcc/avr/4.3.3/avr5\libgcc.a(_exit.o)
 .data          0x008001fe        0x0 d:/iti 3 month/imt tools/imt tools/sdk/imt_sdk_win_64/imt_sdk_win_64/winavr/bin/../lib/gcc/avr/4.3.3/avr5\libgcc.a(_copy_data.o)
 .data          0x008001fe        0x0 d:/iti 3 month/imt tools/imt tools/sdk/imt_sdk_win_64/imt_sdk_win_64/winavr/bin/../lib/gcc/avr/4.3.3/avr5\libgcc.a(_clear_bss.o)
 .data          0x008001fe        0x0 d:/iti 3 month/imt tools/imt tools/sdk/imt_sdk_win_64/imt_sdk_win_64/winavr/bin/../lib/gcc/avr/4.3.3/avr5\libgcc.a(_fixunssfsi.o)
 .data          0x008001fe        0x0 d:/iti 3 month/imt tools/imt tools/sdk/imt_sdk_win_64/imt_sdk_win_64/winavr/bin/../lib/gcc/avr/4.3.3/avr5\libgcc.a(_addsub_sf.o)
 .data          0x008001fe        0x0 d:/iti 3 month/imt tools/imt tools/sdk/imt_sdk_win_64/imt_sdk_win_64/winavr/bin/../lib/gcc/avr/4.3.3/avr5\libgcc.a(_mul_sf.o)
 .data          0x008001fe        0x0 d:/iti 3 month/imt tools/imt tools/sdk/imt_sdk_win_64/imt_sdk_win_64/winavr/bin/../lib/gcc/avr/4.3.3/avr5\libgcc.a(_div_sf.o)
 .data          0x008001fe        0x0 d:/iti 3 month/imt tools/imt tools/sdk/imt_sdk_win_64/imt_sdk_win_64/winavr/bin/../lib/gcc/avr/4.3.3/avr5\libgcc.a(_gt_sf.o)
 .data          0x008001fe        0x0 d:/iti 3 month/imt tools/imt tools/sdk/imt_sdk_win_64/imt_sdk_win_64/winavr/bin/../lib/gcc/avr/4.3.3/avr5\libgcc.a(_ge_sf.o)
 .data          0x008001fe        0x0 d:/iti 3 month/imt tools/imt tools/sdk/imt_sdk_win_64/imt_sdk_win_64/winavr/bin/../lib/gcc/avr/4.3.3/avr5\libgcc.a(_lt_sf.o)
 .data          0x008001fe        0x0 d:/iti 3 month/imt tools/imt tools/sdk/imt_sdk_win_64/imt_sdk_win_64/winavr/bin/../lib/gcc/avr/4.3.3/avr5\libgcc.a(_sf_to_si.o)
 .data          0x008001fe        0x8 d:/iti 3 month/imt tools/imt tools/sdk/imt_sdk_win_64/imt_sdk_win_64/winavr/bin/../lib/gcc/avr/4.3.3/avr5\libgcc.a(_thenan_sf.o)
                0x008001fe                __thenan_sf
 .data          0x00800206        0x0 d:/iti 3 month/imt tools/imt tools/sdk/imt_sdk_win_64/imt_sdk_win_64/winavr/bin/../lib/gcc/avr/4.3.3/avr5\libgcc.a(_usi_to_sf.o)
 .data          0x00800206        0x0 d:/iti 3 month/imt tools/imt tools/sdk/imt_sdk_win_64/imt_sdk_win_64/winavr/bin/../lib/gcc/avr/4.3.3/avr5\libgcc.a(_prologue.o)
 .data          0x00800206        0x0 d:/iti 3 month/imt tools/imt tools/sdk/imt_sdk_win_64/imt_sdk_win_64/winavr/bin/../lib/gcc/avr/4.3.3/avr5\libgcc.a(_epilogue.o)
 .data          0x00800206        0x0 d:/iti 3 month/imt tools/imt tools/sdk/imt_sdk_win_64/imt_sdk_win_64/winavr/bin/../lib/gcc/avr/4.3.3/avr5\libgcc.a(_clzsi2.o)
 .data          0x00800206        0x0 d:/iti 3 month/imt tools/imt tools/sdk/imt_sdk_win_64/imt_sdk_win_64/winavr/bin/../lib/gcc/avr/4.3.3/avr5\libgcc.a(_pack_sf.o)
 .data          0x00800206        0x0 d:/iti 3 month/imt tools/imt tools/sdk/imt_sdk_win_64/imt_sdk_win_64/winavr/bin/../lib/gcc/avr/4.3.3/avr5\libgcc.a(_unpack_sf.o)
 .data          0x00800206        0x0 d:/iti 3 month/imt tools/imt tools/sdk/imt_sdk_win_64/imt_sdk_win_64/winavr/bin/../lib/gcc/avr/4.3.3/avr5\libgcc.a(_fpcmp_parts_sf.o)
 .data          0x00800206      0x100 d:/iti 3 month/imt tools/imt tools/sdk/imt_sdk_win_64/imt_sdk_win_64/winavr/bin/../lib/gcc/avr/4.3.3/avr5\libgcc.a(_clz.o)
                0x00800206                __clz_tab
 *(.data*)
 .data.gFlag    0x00800306        0x1 ./ATM_Terminal/MCAL/UART/UART.o
 .data.i.1428   0x00800307        0x1 ./ATM_Terminal/MCAL/UART/UART.o
 .data.gKEYPADArr
                0x00800308        0xc ./ATM_Terminal/HAL/KeyPad/Keypad.o
 .data.Max_Amount
                0x00800314       0x32 ./ATM_Terminal/APP/APP.o
                0x00800314                Max_Amount
 .data.Flag.1527
                0x00800346        0x1 ./ATM_Terminal/APP/APP.o
 .data.Card_Pass.1526
                0x00800347        0x5 ./ATM_Terminal/APP/APP.o
 .data.FlFag.1492
                0x0080034c        0x1 ./ATM_Terminal/APP/main.o
 *(.rodata)
 *(.rodata*)
 *(.gnu.linkonce.d*)
                0x0080034e                . = ALIGN (0x2)
 *fill*         0x0080034d        0x1 00
                0x0080034e                _edata = .
                0x0080034e                PROVIDE (__data_end, .)

.bss            0x0080034e        0xf
                0x0080034e                PROVIDE (__bss_start, .)
 *(.bss)
 .bss           0x0080034e        0x0 d:/iti 3 month/imt tools/imt tools/sdk/imt_sdk_win_64/imt_sdk_win_64/winavr/bin/../lib/gcc/avr/4.3.3/../../../../avr/lib/avr5/crtm32.o
 .bss           0x0080034e        0x0 ./ATM_Terminal/SERVICE/SER_UART/SER_UART.o
 .bss           0x0080034e        0x0 ./ATM_Terminal/MCAL/UART/UART.o
 .bss           0x0080034e        0x0 ./ATM_Terminal/MCAL/SPI/SPI.o
 .bss           0x0080034e        0x0 ./ATM_Terminal/MCAL/I2C/I2C_Program.o
 .bss           0x0080034e        0x0 ./ATM_Terminal/MCAL/EXTI/EXTI.o
 .bss           0x0080034e        0x0 ./ATM_Terminal/MCAL/DIO/DIO.o
 .bss           0x0080034e        0x0 ./ATM_Terminal/MCAL/ADC/ADC_Program.o
 .bss           0x0080034e        0x0 ./ATM_Terminal/HAL/MOTOR/MOTOR_Program.o
 .bss           0x0080034e        0x0 ./ATM_Terminal/HAL/LM35/LM_35_Program.o
 .bss           0x0080034e        0x0 ./ATM_Terminal/HAL/LCD/LCD16x2.o
 .bss           0x0080034e        0x0 ./ATM_Terminal/HAL/KeyPad/Keypad.o
 .bss           0x0080034e        0x0 ./ATM_Terminal/HAL/EEPROM/EEPROM_program.o
 .bss           0x0080034e        0x0 ./ATM_Terminal/APP/APP.o
 .bss           0x0080034e        0x0 ./ATM_Terminal/APP/main.o
 .bss           0x0080034e        0x0 d:/iti 3 month/imt tools/imt tools/sdk/imt_sdk_win_64/imt_sdk_win_64/winavr/bin/../lib/gcc/avr/4.3.3/avr5\libgcc.a(_mulsi3.o)
 .bss           0x0080034e        0x0 d:/iti 3 month/imt tools/imt tools/sdk/imt_sdk_win_64/imt_sdk_win_64/winavr/bin/../lib/gcc/avr/4.3.3/avr5\libgcc.a(_udivmodhi4.o)
 .bss           0x0080034e        0x0 d:/iti 3 month/imt tools/imt tools/sdk/imt_sdk_win_64/imt_sdk_win_64/winavr/bin/../lib/gcc/avr/4.3.3/avr5\libgcc.a(_udivmodsi4.o)
 .bss           0x0080034e        0x0 d:/iti 3 month/imt tools/imt tools/sdk/imt_sdk_win_64/imt_sdk_win_64/winavr/bin/../lib/gcc/avr/4.3.3/avr5\libgcc.a(_exit.o)
 .bss           0x0080034e        0x0 d:/iti 3 month/imt tools/imt tools/sdk/imt_sdk_win_64/imt_sdk_win_64/winavr/bin/../lib/gcc/avr/4.3.3/avr5\libgcc.a(_copy_data.o)
 .bss           0x0080034e        0x0 d:/iti 3 month/imt tools/imt tools/sdk/imt_sdk_win_64/imt_sdk_win_64/winavr/bin/../lib/gcc/avr/4.3.3/avr5\libgcc.a(_clear_bss.o)
 .bss           0x0080034e        0x0 d:/iti 3 month/imt tools/imt tools/sdk/imt_sdk_win_64/imt_sdk_win_64/winavr/bin/../lib/gcc/avr/4.3.3/avr5\libgcc.a(_fixunssfsi.o)
 .bss           0x0080034e        0x0 d:/iti 3 month/imt tools/imt tools/sdk/imt_sdk_win_64/imt_sdk_win_64/winavr/bin/../lib/gcc/avr/4.3.3/avr5\libgcc.a(_addsub_sf.o)
 .bss           0x0080034e        0x0 d:/iti 3 month/imt tools/imt tools/sdk/imt_sdk_win_64/imt_sdk_win_64/winavr/bin/../lib/gcc/avr/4.3.3/avr5\libgcc.a(_mul_sf.o)
 .bss           0x0080034e        0x0 d:/iti 3 month/imt tools/imt tools/sdk/imt_sdk_win_64/imt_sdk_win_64/winavr/bin/../lib/gcc/avr/4.3.3/avr5\libgcc.a(_div_sf.o)
 .bss           0x0080034e        0x0 d:/iti 3 month/imt tools/imt tools/sdk/imt_sdk_win_64/imt_sdk_win_64/winavr/bin/../lib/gcc/avr/4.3.3/avr5\libgcc.a(_gt_sf.o)
 .bss           0x0080034e        0x0 d:/iti 3 month/imt tools/imt tools/sdk/imt_sdk_win_64/imt_sdk_win_64/winavr/bin/../lib/gcc/avr/4.3.3/avr5\libgcc.a(_ge_sf.o)
 .bss           0x0080034e        0x0 d:/iti 3 month/imt tools/imt tools/sdk/imt_sdk_win_64/imt_sdk_win_64/winavr/bin/../lib/gcc/avr/4.3.3/avr5\libgcc.a(_lt_sf.o)
 .bss           0x0080034e        0x0 d:/iti 3 month/imt tools/imt tools/sdk/imt_sdk_win_64/imt_sdk_win_64/winavr/bin/../lib/gcc/avr/4.3.3/avr5\libgcc.a(_sf_to_si.o)
 .bss           0x0080034e        0x0 d:/iti 3 month/imt tools/imt tools/sdk/imt_sdk_win_64/imt_sdk_win_64/winavr/bin/../lib/gcc/avr/4.3.3/avr5\libgcc.a(_thenan_sf.o)
 .bss           0x0080034e        0x0 d:/iti 3 month/imt tools/imt tools/sdk/imt_sdk_win_64/imt_sdk_win_64/winavr/bin/../lib/gcc/avr/4.3.3/avr5\libgcc.a(_usi_to_sf.o)
 .bss           0x0080034e        0x0 d:/iti 3 month/imt tools/imt tools/sdk/imt_sdk_win_64/imt_sdk_win_64/winavr/bin/../lib/gcc/avr/4.3.3/avr5\libgcc.a(_prologue.o)
 .bss           0x0080034e        0x0 d:/iti 3 month/imt tools/imt tools/sdk/imt_sdk_win_64/imt_sdk_win_64/winavr/bin/../lib/gcc/avr/4.3.3/avr5\libgcc.a(_epilogue.o)
 .bss           0x0080034e        0x0 d:/iti 3 month/imt tools/imt tools/sdk/imt_sdk_win_64/imt_sdk_win_64/winavr/bin/../lib/gcc/avr/4.3.3/avr5\libgcc.a(_clzsi2.o)
 .bss           0x0080034e        0x0 d:/iti 3 month/imt tools/imt tools/sdk/imt_sdk_win_64/imt_sdk_win_64/winavr/bin/../lib/gcc/avr/4.3.3/avr5\libgcc.a(_pack_sf.o)
 .bss           0x0080034e        0x0 d:/iti 3 month/imt tools/imt tools/sdk/imt_sdk_win_64/imt_sdk_win_64/winavr/bin/../lib/gcc/avr/4.3.3/avr5\libgcc.a(_unpack_sf.o)
 .bss           0x0080034e        0x0 d:/iti 3 month/imt tools/imt tools/sdk/imt_sdk_win_64/imt_sdk_win_64/winavr/bin/../lib/gcc/avr/4.3.3/avr5\libgcc.a(_fpcmp_parts_sf.o)
 .bss           0x0080034e        0x0 d:/iti 3 month/imt tools/imt tools/sdk/imt_sdk_win_64/imt_sdk_win_64/winavr/bin/../lib/gcc/avr/4.3.3/avr5\libgcc.a(_clz.o)
 *(.bss*)
 .bss.gPsend_str
                0x0080034e        0x2 ./ATM_Terminal/MCAL/UART/UART.o
 .bss.gPrece_str
                0x00800350        0x2 ./ATM_Terminal/MCAL/UART/UART.o
 .bss.i.1447    0x00800352        0x1 ./ATM_Terminal/MCAL/UART/UART.o
 .bss.EXTI_INT0_FPtr
                0x00800353        0x2 ./ATM_Terminal/MCAL/EXTI/EXTI.o
 .bss.EXTI_INT1_FPtr
                0x00800355        0x2 ./ATM_Terminal/MCAL/EXTI/EXTI.o
 .bss.EXTI_INT2_FPtr
                0x00800357        0x2 ./ATM_Terminal/MCAL/EXTI/EXTI.o
 .bss.CallBackFLag
                0x00800359        0x1 ./ATM_Terminal/APP/APP.o
                0x00800359                CallBackFLag
 .bss.BUTTONFLag
                0x0080035a        0x1 ./ATM_Terminal/APP/APP.o
                0x0080035a                BUTTONFLag
 .bss.card_gflag
                0x0080035b        0x1 ./ATM_Terminal/APP/main.o
                0x0080035b                card_gflag
 .bss.gflag     0x0080035c        0x1 ./ATM_Terminal/APP/main.o
                0x0080035c                gflag
 *(COMMON)
                0x0080035d                PROVIDE (__bss_end, .)
                0x00005416                __data_load_start = LOADADDR (.data)
                0x00005704                __data_load_end = (__data_load_start + SIZEOF (.data))

.noinit         0x0080035d        0x0
                0x0080035d                PROVIDE (__noinit_start, .)
 *(.noinit*)
                0x0080035d                PROVIDE (__noinit_end, .)
                0x0080035d                _end = .
                0x0080035d                PROVIDE (__heap_start, .)

.eeprom         0x00810000        0x0
 *(.eeprom*)
                0x00810000                __eeprom_end = .

.fuse
 *(.fuse)
 *(.lfuse)
 *(.hfuse)
 *(.efuse)

.lock
 *(.lock*)

.signature
 *(.signature*)

.stab           0x00000000     0x5a0c
 *(.stab)
 .stab          0x00000000      0x480 ./ATM_Terminal/SERVICE/SER_UART/SER_UART.o
 .stab          0x00000480      0x804 ./ATM_Terminal/MCAL/UART/UART.o
                                0x810 (size before relaxing)
 .stab          0x00000c84      0x3cc ./ATM_Terminal/MCAL/SPI/SPI.o
                                0x3d8 (size before relaxing)
 .stab          0x00001050      0x450 ./ATM_Terminal/MCAL/I2C/I2C_Program.o
                                0x4e0 (size before relaxing)
 .stab          0x000014a0      0x5b8 ./ATM_Terminal/MCAL/EXTI/EXTI.o
                                0x648 (size before relaxing)
 .stab          0x00001a58      0x78c ./ATM_Terminal/MCAL/DIO/DIO.o
                                0x81c (size before relaxing)
 .stab          0x000021e4      0x210 ./ATM_Terminal/MCAL/ADC/ADC_Program.o
                                0x2a0 (size before relaxing)
 .stab          0x000023f4      0x300 ./ATM_Terminal/HAL/MOTOR/MOTOR_Program.o
                                0x3fc (size before relaxing)
 .stab          0x000026f4      0x1b0 ./ATM_Terminal/HAL/LM35/LM_35_Program.o
                                0x2ac (size before relaxing)
 .stab          0x000028a4     0x13c8 ./ATM_Terminal/HAL/LCD/LCD16x2.o
                               0x1464 (size before relaxing)
 .stab          0x00003c6c      0x2d0 ./ATM_Terminal/HAL/KeyPad/Keypad.o
                                0x540 (size before relaxing)
 .stab          0x00003f3c      0x408 ./ATM_Terminal/HAL/EEPROM/EEPROM_program.o
                                0x498 (size before relaxing)
 .stab          0x00004344     0x1290 ./ATM_Terminal/APP/APP.o
                               0x14f4 (size before relaxing)
 .stab          0x000055d4      0x438 ./ATM_Terminal/APP/main.o
                                0x720 (size before relaxing)

.stabstr        0x00000000     0x25fa
 *(.stabstr)
 .stabstr       0x00000000     0x25fa ./ATM_Terminal/SERVICE/SER_UART/SER_UART.o

.stab.excl
 *(.stab.excl)

.stab.exclstr
 *(.stab.exclstr)

.stab.index
 *(.stab.index)

.stab.indexstr
 *(.stab.indexstr)

.comment
 *(.comment)

.debug
 *(.debug)

.line
 *(.line)

.debug_srcinfo
 *(.debug_srcinfo)

.debug_sfnames
 *(.debug_sfnames)

.debug_aranges  0x00000000      0x1a0
 *(.debug_aranges)
 .debug_aranges
                0x00000000       0x20 d:/iti 3 month/imt tools/imt tools/sdk/imt_sdk_win_64/imt_sdk_win_64/winavr/bin/../lib/gcc/avr/4.3.3/avr5\libgcc.a(_fixunssfsi.o)
 .debug_aranges
                0x00000020       0x20 d:/iti 3 month/imt tools/imt tools/sdk/imt_sdk_win_64/imt_sdk_win_64/winavr/bin/../lib/gcc/avr/4.3.3/avr5\libgcc.a(_addsub_sf.o)
 .debug_aranges
                0x00000040       0x20 d:/iti 3 month/imt tools/imt tools/sdk/imt_sdk_win_64/imt_sdk_win_64/winavr/bin/../lib/gcc/avr/4.3.3/avr5\libgcc.a(_mul_sf.o)
 .debug_aranges
                0x00000060       0x20 d:/iti 3 month/imt tools/imt tools/sdk/imt_sdk_win_64/imt_sdk_win_64/winavr/bin/../lib/gcc/avr/4.3.3/avr5\libgcc.a(_div_sf.o)
 .debug_aranges
                0x00000080       0x20 d:/iti 3 month/imt tools/imt tools/sdk/imt_sdk_win_64/imt_sdk_win_64/winavr/bin/../lib/gcc/avr/4.3.3/avr5\libgcc.a(_gt_sf.o)
 .debug_aranges
                0x000000a0       0x20 d:/iti 3 month/imt tools/imt tools/sdk/imt_sdk_win_64/imt_sdk_win_64/winavr/bin/../lib/gcc/avr/4.3.3/avr5\libgcc.a(_ge_sf.o)
 .debug_aranges
                0x000000c0       0x20 d:/iti 3 month/imt tools/imt tools/sdk/imt_sdk_win_64/imt_sdk_win_64/winavr/bin/../lib/gcc/avr/4.3.3/avr5\libgcc.a(_lt_sf.o)
 .debug_aranges
                0x000000e0       0x20 d:/iti 3 month/imt tools/imt tools/sdk/imt_sdk_win_64/imt_sdk_win_64/winavr/bin/../lib/gcc/avr/4.3.3/avr5\libgcc.a(_sf_to_si.o)
 .debug_aranges
                0x00000100       0x20 d:/iti 3 month/imt tools/imt tools/sdk/imt_sdk_win_64/imt_sdk_win_64/winavr/bin/../lib/gcc/avr/4.3.3/avr5\libgcc.a(_usi_to_sf.o)
 .debug_aranges
                0x00000120       0x20 d:/iti 3 month/imt tools/imt tools/sdk/imt_sdk_win_64/imt_sdk_win_64/winavr/bin/../lib/gcc/avr/4.3.3/avr5\libgcc.a(_clzsi2.o)
 .debug_aranges
                0x00000140       0x20 d:/iti 3 month/imt tools/imt tools/sdk/imt_sdk_win_64/imt_sdk_win_64/winavr/bin/../lib/gcc/avr/4.3.3/avr5\libgcc.a(_pack_sf.o)
 .debug_aranges
                0x00000160       0x20 d:/iti 3 month/imt tools/imt tools/sdk/imt_sdk_win_64/imt_sdk_win_64/winavr/bin/../lib/gcc/avr/4.3.3/avr5\libgcc.a(_unpack_sf.o)
 .debug_aranges
                0x00000180       0x20 d:/iti 3 month/imt tools/imt tools/sdk/imt_sdk_win_64/imt_sdk_win_64/winavr/bin/../lib/gcc/avr/4.3.3/avr5\libgcc.a(_fpcmp_parts_sf.o)

.debug_pubnames
                0x00000000      0x1f2
 *(.debug_pubnames)
 .debug_pubnames
                0x00000000       0x23 d:/iti 3 month/imt tools/imt tools/sdk/imt_sdk_win_64/imt_sdk_win_64/winavr/bin/../lib/gcc/avr/4.3.3/avr5\libgcc.a(_fixunssfsi.o)
 .debug_pubnames
                0x00000023       0x2c d:/iti 3 month/imt tools/imt tools/sdk/imt_sdk_win_64/imt_sdk_win_64/winavr/bin/../lib/gcc/avr/4.3.3/avr5\libgcc.a(_addsub_sf.o)
 .debug_pubnames
                0x0000004f       0x1f d:/iti 3 month/imt tools/imt tools/sdk/imt_sdk_win_64/imt_sdk_win_64/winavr/bin/../lib/gcc/avr/4.3.3/avr5\libgcc.a(_mul_sf.o)
 .debug_pubnames
                0x0000006e       0x1f d:/iti 3 month/imt tools/imt tools/sdk/imt_sdk_win_64/imt_sdk_win_64/winavr/bin/../lib/gcc/avr/4.3.3/avr5\libgcc.a(_div_sf.o)
 .debug_pubnames
                0x0000008d       0x1e d:/iti 3 month/imt tools/imt tools/sdk/imt_sdk_win_64/imt_sdk_win_64/winavr/bin/../lib/gcc/avr/4.3.3/avr5\libgcc.a(_gt_sf.o)
 .debug_pubnames
                0x000000ab       0x1e d:/iti 3 month/imt tools/imt tools/sdk/imt_sdk_win_64/imt_sdk_win_64/winavr/bin/../lib/gcc/avr/4.3.3/avr5\libgcc.a(_ge_sf.o)
 .debug_pubnames
                0x000000c9       0x1e d:/iti 3 month/imt tools/imt tools/sdk/imt_sdk_win_64/imt_sdk_win_64/winavr/bin/../lib/gcc/avr/4.3.3/avr5\libgcc.a(_lt_sf.o)
 .debug_pubnames
                0x000000e7       0x20 d:/iti 3 month/imt tools/imt tools/sdk/imt_sdk_win_64/imt_sdk_win_64/winavr/bin/../lib/gcc/avr/4.3.3/avr5\libgcc.a(_sf_to_si.o)
 .debug_pubnames
                0x00000107       0x22 d:/iti 3 month/imt tools/imt tools/sdk/imt_sdk_win_64/imt_sdk_win_64/winavr/bin/../lib/gcc/avr/4.3.3/avr5\libgcc.a(_thenan_sf.o)
 .debug_pubnames
                0x00000129       0x24 d:/iti 3 month/imt tools/imt tools/sdk/imt_sdk_win_64/imt_sdk_win_64/winavr/bin/../lib/gcc/avr/4.3.3/avr5\libgcc.a(_usi_to_sf.o)
 .debug_pubnames
                0x0000014d       0x1f d:/iti 3 month/imt tools/imt tools/sdk/imt_sdk_win_64/imt_sdk_win_64/winavr/bin/../lib/gcc/avr/4.3.3/avr5\libgcc.a(_clzsi2.o)
 .debug_pubnames
                0x0000016c       0x1f d:/iti 3 month/imt tools/imt tools/sdk/imt_sdk_win_64/imt_sdk_win_64/winavr/bin/../lib/gcc/avr/4.3.3/avr5\libgcc.a(_pack_sf.o)
 .debug_pubnames
                0x0000018b       0x21 d:/iti 3 month/imt tools/imt tools/sdk/imt_sdk_win_64/imt_sdk_win_64/winavr/bin/../lib/gcc/avr/4.3.3/avr5\libgcc.a(_unpack_sf.o)
 .debug_pubnames
                0x000001ac       0x26 d:/iti 3 month/imt tools/imt tools/sdk/imt_sdk_win_64/imt_sdk_win_64/winavr/bin/../lib/gcc/avr/4.3.3/avr5\libgcc.a(_fpcmp_parts_sf.o)
 .debug_pubnames
                0x000001d2       0x20 d:/iti 3 month/imt tools/imt tools/sdk/imt_sdk_win_64/imt_sdk_win_64/winavr/bin/../lib/gcc/avr/4.3.3/avr5\libgcc.a(_clz.o)

.debug_info     0x00000000     0x240b
 *(.debug_info)
 .debug_info    0x00000000       0xb1 d:/iti 3 month/imt tools/imt tools/sdk/imt_sdk_win_64/imt_sdk_win_64/winavr/bin/../lib/gcc/avr/4.3.3/avr5\libgcc.a(_fixunssfsi.o)
 .debug_info    0x000000b1      0x47a d:/iti 3 month/imt tools/imt tools/sdk/imt_sdk_win_64/imt_sdk_win_64/winavr/bin/../lib/gcc/avr/4.3.3/avr5\libgcc.a(_addsub_sf.o)
 .debug_info    0x0000052b      0x485 d:/iti 3 month/imt tools/imt tools/sdk/imt_sdk_win_64/imt_sdk_win_64/winavr/bin/../lib/gcc/avr/4.3.3/avr5\libgcc.a(_mul_sf.o)
 .debug_info    0x000009b0      0x3fc d:/iti 3 month/imt tools/imt tools/sdk/imt_sdk_win_64/imt_sdk_win_64/winavr/bin/../lib/gcc/avr/4.3.3/avr5\libgcc.a(_div_sf.o)
 .debug_info    0x00000dac      0x27f d:/iti 3 month/imt tools/imt tools/sdk/imt_sdk_win_64/imt_sdk_win_64/winavr/bin/../lib/gcc/avr/4.3.3/avr5\libgcc.a(_gt_sf.o)
 .debug_info    0x0000102b      0x27f d:/iti 3 month/imt tools/imt tools/sdk/imt_sdk_win_64/imt_sdk_win_64/winavr/bin/../lib/gcc/avr/4.3.3/avr5\libgcc.a(_ge_sf.o)
 .debug_info    0x000012aa      0x27f d:/iti 3 month/imt tools/imt tools/sdk/imt_sdk_win_64/imt_sdk_win_64/winavr/bin/../lib/gcc/avr/4.3.3/avr5\libgcc.a(_lt_sf.o)
 .debug_info    0x00001529      0x2b0 d:/iti 3 month/imt tools/imt tools/sdk/imt_sdk_win_64/imt_sdk_win_64/winavr/bin/../lib/gcc/avr/4.3.3/avr5\libgcc.a(_sf_to_si.o)
 .debug_info    0x000017d9      0x12c d:/iti 3 month/imt tools/imt tools/sdk/imt_sdk_win_64/imt_sdk_win_64/winavr/bin/../lib/gcc/avr/4.3.3/avr5\libgcc.a(_thenan_sf.o)
 .debug_info    0x00001905      0x206 d:/iti 3 month/imt tools/imt tools/sdk/imt_sdk_win_64/imt_sdk_win_64/winavr/bin/../lib/gcc/avr/4.3.3/avr5\libgcc.a(_usi_to_sf.o)
 .debug_info    0x00001b0b      0x117 d:/iti 3 month/imt tools/imt tools/sdk/imt_sdk_win_64/imt_sdk_win_64/winavr/bin/../lib/gcc/avr/4.3.3/avr5\libgcc.a(_clzsi2.o)
 .debug_info    0x00001c22      0x2df d:/iti 3 month/imt tools/imt tools/sdk/imt_sdk_win_64/imt_sdk_win_64/winavr/bin/../lib/gcc/avr/4.3.3/avr5\libgcc.a(_pack_sf.o)
 .debug_info    0x00001f01      0x251 d:/iti 3 month/imt tools/imt tools/sdk/imt_sdk_win_64/imt_sdk_win_64/winavr/bin/../lib/gcc/avr/4.3.3/avr5\libgcc.a(_unpack_sf.o)
 .debug_info    0x00002152      0x210 d:/iti 3 month/imt tools/imt tools/sdk/imt_sdk_win_64/imt_sdk_win_64/winavr/bin/../lib/gcc/avr/4.3.3/avr5\libgcc.a(_fpcmp_parts_sf.o)
 .debug_info    0x00002362       0xa9 d:/iti 3 month/imt tools/imt tools/sdk/imt_sdk_win_64/imt_sdk_win_64/winavr/bin/../lib/gcc/avr/4.3.3/avr5\libgcc.a(_clz.o)
 *(.gnu.linkonce.wi.*)

.debug_abbrev   0x00000000     0x1386
 *(.debug_abbrev)
 .debug_abbrev  0x00000000       0x5d d:/iti 3 month/imt tools/imt tools/sdk/imt_sdk_win_64/imt_sdk_win_64/winavr/bin/../lib/gcc/avr/4.3.3/avr5\libgcc.a(_fixunssfsi.o)
 .debug_abbrev  0x0000005d      0x1ea d:/iti 3 month/imt tools/imt tools/sdk/imt_sdk_win_64/imt_sdk_win_64/winavr/bin/../lib/gcc/avr/4.3.3/avr5\libgcc.a(_addsub_sf.o)
 .debug_abbrev  0x00000247      0x21b d:/iti 3 month/imt tools/imt tools/sdk/imt_sdk_win_64/imt_sdk_win_64/winavr/bin/../lib/gcc/avr/4.3.3/avr5\libgcc.a(_mul_sf.o)
 .debug_abbrev  0x00000462      0x216 d:/iti 3 month/imt tools/imt tools/sdk/imt_sdk_win_64/imt_sdk_win_64/winavr/bin/../lib/gcc/avr/4.3.3/avr5\libgcc.a(_div_sf.o)
 .debug_abbrev  0x00000678      0x15a d:/iti 3 month/imt tools/imt tools/sdk/imt_sdk_win_64/imt_sdk_win_64/winavr/bin/../lib/gcc/avr/4.3.3/avr5\libgcc.a(_gt_sf.o)
 .debug_abbrev  0x000007d2      0x15a d:/iti 3 month/imt tools/imt tools/sdk/imt_sdk_win_64/imt_sdk_win_64/winavr/bin/../lib/gcc/avr/4.3.3/avr5\libgcc.a(_ge_sf.o)
 .debug_abbrev  0x0000092c      0x15a d:/iti 3 month/imt tools/imt tools/sdk/imt_sdk_win_64/imt_sdk_win_64/winavr/bin/../lib/gcc/avr/4.3.3/avr5\libgcc.a(_lt_sf.o)
 .debug_abbrev  0x00000a86      0x17f d:/iti 3 month/imt tools/imt tools/sdk/imt_sdk_win_64/imt_sdk_win_64/winavr/bin/../lib/gcc/avr/4.3.3/avr5\libgcc.a(_sf_to_si.o)
 .debug_abbrev  0x00000c05       0xad d:/iti 3 month/imt tools/imt tools/sdk/imt_sdk_win_64/imt_sdk_win_64/winavr/bin/../lib/gcc/avr/4.3.3/avr5\libgcc.a(_thenan_sf.o)
 .debug_abbrev  0x00000cb2      0x157 d:/iti 3 month/imt tools/imt tools/sdk/imt_sdk_win_64/imt_sdk_win_64/winavr/bin/../lib/gcc/avr/4.3.3/avr5\libgcc.a(_usi_to_sf.o)
 .debug_abbrev  0x00000e09       0xc4 d:/iti 3 month/imt tools/imt tools/sdk/imt_sdk_win_64/imt_sdk_win_64/winavr/bin/../lib/gcc/avr/4.3.3/avr5\libgcc.a(_clzsi2.o)
 .debug_abbrev  0x00000ecd      0x1c0 d:/iti 3 month/imt tools/imt tools/sdk/imt_sdk_win_64/imt_sdk_win_64/winavr/bin/../lib/gcc/avr/4.3.3/avr5\libgcc.a(_pack_sf.o)
 .debug_abbrev  0x0000108d      0x154 d:/iti 3 month/imt tools/imt tools/sdk/imt_sdk_win_64/imt_sdk_win_64/winavr/bin/../lib/gcc/avr/4.3.3/avr5\libgcc.a(_unpack_sf.o)
 .debug_abbrev  0x000011e1      0x13b d:/iti 3 month/imt tools/imt tools/sdk/imt_sdk_win_64/imt_sdk_win_64/winavr/bin/../lib/gcc/avr/4.3.3/avr5\libgcc.a(_fpcmp_parts_sf.o)
 .debug_abbrev  0x0000131c       0x6a d:/iti 3 month/imt tools/imt tools/sdk/imt_sdk_win_64/imt_sdk_win_64/winavr/bin/../lib/gcc/avr/4.3.3/avr5\libgcc.a(_clz.o)

.debug_line     0x00000000     0x11d6
 *(.debug_line)
 .debug_line    0x00000000       0xa7 d:/iti 3 month/imt tools/imt tools/sdk/imt_sdk_win_64/imt_sdk_win_64/winavr/bin/../lib/gcc/avr/4.3.3/avr5\libgcc.a(_fixunssfsi.o)
 .debug_line    0x000000a7      0x2af d:/iti 3 month/imt tools/imt tools/sdk/imt_sdk_win_64/imt_sdk_win_64/winavr/bin/../lib/gcc/avr/4.3.3/avr5\libgcc.a(_addsub_sf.o)
 .debug_line    0x00000356      0x239 d:/iti 3 month/imt tools/imt tools/sdk/imt_sdk_win_64/imt_sdk_win_64/winavr/bin/../lib/gcc/avr/4.3.3/avr5\libgcc.a(_mul_sf.o)
 .debug_line    0x0000058f      0x1d5 d:/iti 3 month/imt tools/imt tools/sdk/imt_sdk_win_64/imt_sdk_win_64/winavr/bin/../lib/gcc/avr/4.3.3/avr5\libgcc.a(_div_sf.o)
 .debug_line    0x00000764       0xd3 d:/iti 3 month/imt tools/imt tools/sdk/imt_sdk_win_64/imt_sdk_win_64/winavr/bin/../lib/gcc/avr/4.3.3/avr5\libgcc.a(_gt_sf.o)
 .debug_line    0x00000837       0xd3 d:/iti 3 month/imt tools/imt tools/sdk/imt_sdk_win_64/imt_sdk_win_64/winavr/bin/../lib/gcc/avr/4.3.3/avr5\libgcc.a(_ge_sf.o)
 .debug_line    0x0000090a       0xd3 d:/iti 3 month/imt tools/imt tools/sdk/imt_sdk_win_64/imt_sdk_win_64/winavr/bin/../lib/gcc/avr/4.3.3/avr5\libgcc.a(_lt_sf.o)
 .debug_line    0x000009dd      0x109 d:/iti 3 month/imt tools/imt tools/sdk/imt_sdk_win_64/imt_sdk_win_64/winavr/bin/../lib/gcc/avr/4.3.3/avr5\libgcc.a(_sf_to_si.o)
 .debug_line    0x00000ae6       0x90 d:/iti 3 month/imt tools/imt tools/sdk/imt_sdk_win_64/imt_sdk_win_64/winavr/bin/../lib/gcc/avr/4.3.3/avr5\libgcc.a(_thenan_sf.o)
 .debug_line    0x00000b76      0x133 d:/iti 3 month/imt tools/imt tools/sdk/imt_sdk_win_64/imt_sdk_win_64/winavr/bin/../lib/gcc/avr/4.3.3/avr5\libgcc.a(_usi_to_sf.o)
 .debug_line    0x00000ca9       0xa5 d:/iti 3 month/imt tools/imt tools/sdk/imt_sdk_win_64/imt_sdk_win_64/winavr/bin/../lib/gcc/avr/4.3.3/avr5\libgcc.a(_clzsi2.o)
 .debug_line    0x00000d4e      0x18a d:/iti 3 month/imt tools/imt tools/sdk/imt_sdk_win_64/imt_sdk_win_64/winavr/bin/../lib/gcc/avr/4.3.3/avr5\libgcc.a(_pack_sf.o)
 .debug_line    0x00000ed8      0x14b d:/iti 3 month/imt tools/imt tools/sdk/imt_sdk_win_64/imt_sdk_win_64/winavr/bin/../lib/gcc/avr/4.3.3/avr5\libgcc.a(_unpack_sf.o)
 .debug_line    0x00001023      0x137 d:/iti 3 month/imt tools/imt tools/sdk/imt_sdk_win_64/imt_sdk_win_64/winavr/bin/../lib/gcc/avr/4.3.3/avr5\libgcc.a(_fpcmp_parts_sf.o)
 .debug_line    0x0000115a       0x7c d:/iti 3 month/imt tools/imt tools/sdk/imt_sdk_win_64/imt_sdk_win_64/winavr/bin/../lib/gcc/avr/4.3.3/avr5\libgcc.a(_clz.o)

.debug_frame    0x00000000      0x1c0
 *(.debug_frame)
 .debug_frame   0x00000000       0x20 d:/iti 3 month/imt tools/imt tools/sdk/imt_sdk_win_64/imt_sdk_win_64/winavr/bin/../lib/gcc/avr/4.3.3/avr5\libgcc.a(_fixunssfsi.o)
 .debug_frame   0x00000020       0x40 d:/iti 3 month/imt tools/imt tools/sdk/imt_sdk_win_64/imt_sdk_win_64/winavr/bin/../lib/gcc/avr/4.3.3/avr5\libgcc.a(_addsub_sf.o)
 .debug_frame   0x00000060       0x20 d:/iti 3 month/imt tools/imt tools/sdk/imt_sdk_win_64/imt_sdk_win_64/winavr/bin/../lib/gcc/avr/4.3.3/avr5\libgcc.a(_mul_sf.o)
 .debug_frame   0x00000080       0x20 d:/iti 3 month/imt tools/imt tools/sdk/imt_sdk_win_64/imt_sdk_win_64/winavr/bin/../lib/gcc/avr/4.3.3/avr5\libgcc.a(_div_sf.o)
 .debug_frame   0x000000a0       0x20 d:/iti 3 month/imt tools/imt tools/sdk/imt_sdk_win_64/imt_sdk_win_64/winavr/bin/../lib/gcc/avr/4.3.3/avr5\libgcc.a(_gt_sf.o)
 .debug_frame   0x000000c0       0x20 d:/iti 3 month/imt tools/imt tools/sdk/imt_sdk_win_64/imt_sdk_win_64/winavr/bin/../lib/gcc/avr/4.3.3/avr5\libgcc.a(_ge_sf.o)
 .debug_frame   0x000000e0       0x20 d:/iti 3 month/imt tools/imt tools/sdk/imt_sdk_win_64/imt_sdk_win_64/winavr/bin/../lib/gcc/avr/4.3.3/avr5\libgcc.a(_lt_sf.o)
 .debug_frame   0x00000100       0x20 d:/iti 3 month/imt tools/imt tools/sdk/imt_sdk_win_64/imt_sdk_win_64/winavr/bin/../lib/gcc/avr/4.3.3/avr5\libgcc.a(_sf_to_si.o)
 .debug_frame   0x00000120       0x20 d:/iti 3 month/imt tools/imt tools/sdk/imt_sdk_win_64/imt_sdk_win_64/winavr/bin/../lib/gcc/avr/4.3.3/avr5\libgcc.a(_usi_to_sf.o)
 .debug_frame   0x00000140       0x20 d:/iti 3 month/imt tools/imt tools/sdk/imt_sdk_win_64/imt_sdk_win_64/winavr/bin/../lib/gcc/avr/4.3.3/avr5\libgcc.a(_clzsi2.o)
 .debug_frame   0x00000160       0x20 d:/iti 3 month/imt tools/imt tools/sdk/imt_sdk_win_64/imt_sdk_win_64/winavr/bin/../lib/gcc/avr/4.3.3/avr5\libgcc.a(_pack_sf.o)
 .debug_frame   0x00000180       0x20 d:/iti 3 month/imt tools/imt tools/sdk/imt_sdk_win_64/imt_sdk_win_64/winavr/bin/../lib/gcc/avr/4.3.3/avr5\libgcc.a(_unpack_sf.o)
 .debug_frame   0x000001a0       0x20 d:/iti 3 month/imt tools/imt tools/sdk/imt_sdk_win_64/imt_sdk_win_64/winavr/bin/../lib/gcc/avr/4.3.3/avr5\libgcc.a(_fpcmp_parts_sf.o)

.debug_str      0x00000000      0x2f6
 *(.debug_str)
 .debug_str     0x00000000       0xbf d:/iti 3 month/imt tools/imt tools/sdk/imt_sdk_win_64/imt_sdk_win_64/winavr/bin/../lib/gcc/avr/4.3.3/avr5\libgcc.a(_fixunssfsi.o)
                                 0xfe (size before relaxing)
 .debug_str     0x000000bf      0x14d d:/iti 3 month/imt tools/imt tools/sdk/imt_sdk_win_64/imt_sdk_win_64/winavr/bin/../lib/gcc/avr/4.3.3/avr5\libgcc.a(_addsub_sf.o)
                                0x206 (size before relaxing)
 .debug_str     0x0000020c       0x27 d:/iti 3 month/imt tools/imt tools/sdk/imt_sdk_win_64/imt_sdk_win_64/winavr/bin/../lib/gcc/avr/4.3.3/avr5\libgcc.a(_mul_sf.o)
                                0x1bf (size before relaxing)
 .debug_str     0x00000233       0x35 d:/iti 3 month/imt tools/imt tools/sdk/imt_sdk_win_64/imt_sdk_win_64/winavr/bin/../lib/gcc/avr/4.3.3/avr5\libgcc.a(_div_sf.o)
                                0x1c8 (size before relaxing)
 .debug_str     0x00000268        0x8 d:/iti 3 month/imt tools/imt tools/sdk/imt_sdk_win_64/imt_sdk_win_64/winavr/bin/../lib/gcc/avr/4.3.3/avr5\libgcc.a(_gt_sf.o)
                                0x195 (size before relaxing)
 .debug_str     0x00000270        0x8 d:/iti 3 month/imt tools/imt tools/sdk/imt_sdk_win_64/imt_sdk_win_64/winavr/bin/../lib/gcc/avr/4.3.3/avr5\libgcc.a(_ge_sf.o)
                                0x195 (size before relaxing)
 .debug_str     0x00000278        0x8 d:/iti 3 month/imt tools/imt tools/sdk/imt_sdk_win_64/imt_sdk_win_64/winavr/bin/../lib/gcc/avr/4.3.3/avr5\libgcc.a(_lt_sf.o)
                                0x195 (size before relaxing)
 .debug_str     0x00000280        0xa d:/iti 3 month/imt tools/imt tools/sdk/imt_sdk_win_64/imt_sdk_win_64/winavr/bin/../lib/gcc/avr/4.3.3/avr5\libgcc.a(_sf_to_si.o)
                                0x19e (size before relaxing)
 .debug_str     0x00000000      0x103 d:/iti 3 month/imt tools/imt tools/sdk/imt_sdk_win_64/imt_sdk_win_64/winavr/bin/../lib/gcc/avr/4.3.3/avr5\libgcc.a(_thenan_sf.o)
 .debug_str     0x0000028a       0x21 d:/iti 3 month/imt tools/imt tools/sdk/imt_sdk_win_64/imt_sdk_win_64/winavr/bin/../lib/gcc/avr/4.3.3/avr5\libgcc.a(_usi_to_sf.o)
                                0x177 (size before relaxing)
 .debug_str     0x000002ab       0x20 d:/iti 3 month/imt tools/imt tools/sdk/imt_sdk_win_64/imt_sdk_win_64/winavr/bin/../lib/gcc/avr/4.3.3/avr5\libgcc.a(_clzsi2.o)
                                0x111 (size before relaxing)
 .debug_str     0x000002cb       0x10 d:/iti 3 month/imt tools/imt tools/sdk/imt_sdk_win_64/imt_sdk_win_64/winavr/bin/../lib/gcc/avr/4.3.3/avr5\libgcc.a(_pack_sf.o)
                                0x19d (size before relaxing)
 .debug_str     0x000002db        0xb d:/iti 3 month/imt tools/imt tools/sdk/imt_sdk_win_64/imt_sdk_win_64/winavr/bin/../lib/gcc/avr/4.3.3/avr5\libgcc.a(_unpack_sf.o)
                                0x17f (size before relaxing)
 .debug_str     0x000002e6       0x10 d:/iti 3 month/imt tools/imt tools/sdk/imt_sdk_win_64/imt_sdk_win_64/winavr/bin/../lib/gcc/avr/4.3.3/avr5\libgcc.a(_fpcmp_parts_sf.o)
                                0x163 (size before relaxing)
 .debug_str     0x00000000       0xf4 d:/iti 3 month/imt tools/imt tools/sdk/imt_sdk_win_64/imt_sdk_win_64/winavr/bin/../lib/gcc/avr/4.3.3/avr5\libgcc.a(_clz.o)

.debug_loc      0x00000000      0x96e
 *(.debug_loc)
 .debug_loc     0x00000000       0x34 d:/iti 3 month/imt tools/imt tools/sdk/imt_sdk_win_64/imt_sdk_win_64/winavr/bin/../lib/gcc/avr/4.3.3/avr5\libgcc.a(_fixunssfsi.o)
 .debug_loc     0x00000034      0x32a d:/iti 3 month/imt tools/imt tools/sdk/imt_sdk_win_64/imt_sdk_win_64/winavr/bin/../lib/gcc/avr/4.3.3/avr5\libgcc.a(_addsub_sf.o)
 .debug_loc     0x0000035e      0x104 d:/iti 3 month/imt tools/imt tools/sdk/imt_sdk_win_64/imt_sdk_win_64/winavr/bin/../lib/gcc/avr/4.3.3/avr5\libgcc.a(_mul_sf.o)
 .debug_loc     0x00000462       0xc0 d:/iti 3 month/imt tools/imt tools/sdk/imt_sdk_win_64/imt_sdk_win_64/winavr/bin/../lib/gcc/avr/4.3.3/avr5\libgcc.a(_div_sf.o)
 .debug_loc     0x00000522       0x3c d:/iti 3 month/imt tools/imt tools/sdk/imt_sdk_win_64/imt_sdk_win_64/winavr/bin/../lib/gcc/avr/4.3.3/avr5\libgcc.a(_gt_sf.o)
 .debug_loc     0x0000055e       0x3c d:/iti 3 month/imt tools/imt tools/sdk/imt_sdk_win_64/imt_sdk_win_64/winavr/bin/../lib/gcc/avr/4.3.3/avr5\libgcc.a(_ge_sf.o)
 .debug_loc     0x0000059a       0x3c d:/iti 3 month/imt tools/imt tools/sdk/imt_sdk_win_64/imt_sdk_win_64/winavr/bin/../lib/gcc/avr/4.3.3/avr5\libgcc.a(_lt_sf.o)
 .debug_loc     0x000005d6       0x7e d:/iti 3 month/imt tools/imt tools/sdk/imt_sdk_win_64/imt_sdk_win_64/winavr/bin/../lib/gcc/avr/4.3.3/avr5\libgcc.a(_sf_to_si.o)
 .debug_loc     0x00000654       0x4c d:/iti 3 month/imt tools/imt tools/sdk/imt_sdk_win_64/imt_sdk_win_64/winavr/bin/../lib/gcc/avr/4.3.3/avr5\libgcc.a(_usi_to_sf.o)
 .debug_loc     0x000006a0       0x94 d:/iti 3 month/imt tools/imt tools/sdk/imt_sdk_win_64/imt_sdk_win_64/winavr/bin/../lib/gcc/avr/4.3.3/avr5\libgcc.a(_clzsi2.o)
 .debug_loc     0x00000734      0x13e d:/iti 3 month/imt tools/imt tools/sdk/imt_sdk_win_64/imt_sdk_win_64/winavr/bin/../lib/gcc/avr/4.3.3/avr5\libgcc.a(_pack_sf.o)
 .debug_loc     0x00000872       0xac d:/iti 3 month/imt tools/imt tools/sdk/imt_sdk_win_64/imt_sdk_win_64/winavr/bin/../lib/gcc/avr/4.3.3/avr5\libgcc.a(_unpack_sf.o)
 .debug_loc     0x0000091e       0x50 d:/iti 3 month/imt tools/imt tools/sdk/imt_sdk_win_64/imt_sdk_win_64/winavr/bin/../lib/gcc/avr/4.3.3/avr5\libgcc.a(_fpcmp_parts_sf.o)

.debug_macinfo
 *(.debug_macinfo)
OUTPUT(ATM_Terminal.elf elf32-avr)
LOAD linker stubs

.debug_ranges   0x00000000       0x50
 .debug_ranges  0x00000000       0x50 d:/iti 3 month/imt tools/imt tools/sdk/imt_sdk_win_64/imt_sdk_win_64/winavr/bin/../lib/gcc/avr/4.3.3/avr5\libgcc.a(_mul_sf.o)
